Archive member included to satisfy reference by file (symbol)

c:/st/stm32cubeide_1.3.0/stm32cubeide/plugins/com.st.stm32cube.ide.mcu.externaltools.gnu-tools-for-stm32.7-2018-q2-update.win32_1.0.0.201904181610/tools/bin/../lib/gcc/arm-none-eabi/7.3.1/../../../../arm-none-eabi/lib/thumb/v7e-m/fpv4-sp/hard\libc_nano.a(lib_a-atof.o)
                              Core/Src/FreeRTOS/VibrationTask.o (atof)
c:/st/stm32cubeide_1.3.0/stm32cubeide/plugins/com.st.stm32cube.ide.mcu.externaltools.gnu-tools-for-stm32.7-2018-q2-update.win32_1.0.0.201904181610/tools/bin/../lib/gcc/arm-none-eabi/7.3.1/../../../../arm-none-eabi/lib/thumb/v7e-m/fpv4-sp/hard\libc_nano.a(lib_a-errno.o)
                              Core/Src/cpu/sys_management/syscalls.o (__errno)
c:/st/stm32cubeide_1.3.0/stm32cubeide/plugins/com.st.stm32cube.ide.mcu.externaltools.gnu-tools-for-stm32.7-2018-q2-update.win32_1.0.0.201904181610/tools/bin/../lib/gcc/arm-none-eabi/7.3.1/../../../../arm-none-eabi/lib/thumb/v7e-m/fpv4-sp/hard\libc_nano.a(lib_a-exit.o)
                              c:/st/stm32cubeide_1.3.0/stm32cubeide/plugins/com.st.stm32cube.ide.mcu.externaltools.gnu-tools-for-stm32.7-2018-q2-update.win32_1.0.0.201904181610/tools/bin/../lib/gcc/arm-none-eabi/7.3.1/../../../../arm-none-eabi/lib/thumb/v7e-m/fpv4-sp/hard/crt0.o (exit)
c:/st/stm32cubeide_1.3.0/stm32cubeide/plugins/com.st.stm32cube.ide.mcu.externaltools.gnu-tools-for-stm32.7-2018-q2-update.win32_1.0.0.201904181610/tools/bin/../lib/gcc/arm-none-eabi/7.3.1/../../../../arm-none-eabi/lib/thumb/v7e-m/fpv4-sp/hard\libc_nano.a(lib_a-impure.o)
                              c:/st/stm32cubeide_1.3.0/stm32cubeide/plugins/com.st.stm32cube.ide.mcu.externaltools.gnu-tools-for-stm32.7-2018-q2-update.win32_1.0.0.201904181610/tools/bin/../lib/gcc/arm-none-eabi/7.3.1/../../../../arm-none-eabi/lib/thumb/v7e-m/fpv4-sp/hard\libc_nano.a(lib_a-exit.o) (_global_impure_ptr)
c:/st/stm32cubeide_1.3.0/stm32cubeide/plugins/com.st.stm32cube.ide.mcu.externaltools.gnu-tools-for-stm32.7-2018-q2-update.win32_1.0.0.201904181610/tools/bin/../lib/gcc/arm-none-eabi/7.3.1/../../../../arm-none-eabi/lib/thumb/v7e-m/fpv4-sp/hard\libc_nano.a(lib_a-init.o)
                              c:/st/stm32cubeide_1.3.0/stm32cubeide/plugins/com.st.stm32cube.ide.mcu.externaltools.gnu-tools-for-stm32.7-2018-q2-update.win32_1.0.0.201904181610/tools/bin/../lib/gcc/arm-none-eabi/7.3.1/../../../../arm-none-eabi/lib/thumb/v7e-m/fpv4-sp/hard/crt0.o (__libc_init_array)
c:/st/stm32cubeide_1.3.0/stm32cubeide/plugins/com.st.stm32cube.ide.mcu.externaltools.gnu-tools-for-stm32.7-2018-q2-update.win32_1.0.0.201904181610/tools/bin/../lib/gcc/arm-none-eabi/7.3.1/../../../../arm-none-eabi/lib/thumb/v7e-m/fpv4-sp/hard\libc_nano.a(lib_a-memcpy-stub.o)
                              Middlewares/Third_Party/FreeRTOS/Source/queue.o (memcpy)
c:/st/stm32cubeide_1.3.0/stm32cubeide/plugins/com.st.stm32cube.ide.mcu.externaltools.gnu-tools-for-stm32.7-2018-q2-update.win32_1.0.0.201904181610/tools/bin/../lib/gcc/arm-none-eabi/7.3.1/../../../../arm-none-eabi/lib/thumb/v7e-m/fpv4-sp/hard\libc_nano.a(lib_a-memset.o)
                              c:/st/stm32cubeide_1.3.0/stm32cubeide/plugins/com.st.stm32cube.ide.mcu.externaltools.gnu-tools-for-stm32.7-2018-q2-update.win32_1.0.0.201904181610/tools/bin/../lib/gcc/arm-none-eabi/7.3.1/../../../../arm-none-eabi/lib/thumb/v7e-m/fpv4-sp/hard/crt0.o (memset)
c:/st/stm32cubeide_1.3.0/stm32cubeide/plugins/com.st.stm32cube.ide.mcu.externaltools.gnu-tools-for-stm32.7-2018-q2-update.win32_1.0.0.201904181610/tools/bin/../lib/gcc/arm-none-eabi/7.3.1/../../../../arm-none-eabi/lib/thumb/v7e-m/fpv4-sp/hard\libc_nano.a(lib_a-nano-vfprintf_float.o)
                              (_printf_float)
c:/st/stm32cubeide_1.3.0/stm32cubeide/plugins/com.st.stm32cube.ide.mcu.externaltools.gnu-tools-for-stm32.7-2018-q2-update.win32_1.0.0.201904181610/tools/bin/../lib/gcc/arm-none-eabi/7.3.1/../../../../arm-none-eabi/lib/thumb/v7e-m/fpv4-sp/hard\libc_nano.a(lib_a-nano-vfprintf_i.o)
                              c:/st/stm32cubeide_1.3.0/stm32cubeide/plugins/com.st.stm32cube.ide.mcu.externaltools.gnu-tools-for-stm32.7-2018-q2-update.win32_1.0.0.201904181610/tools/bin/../lib/gcc/arm-none-eabi/7.3.1/../../../../arm-none-eabi/lib/thumb/v7e-m/fpv4-sp/hard\libc_nano.a(lib_a-nano-vfprintf_float.o) (_printf_common)
c:/st/stm32cubeide_1.3.0/stm32cubeide/plugins/com.st.stm32cube.ide.mcu.externaltools.gnu-tools-for-stm32.7-2018-q2-update.win32_1.0.0.201904181610/tools/bin/../lib/gcc/arm-none-eabi/7.3.1/../../../../arm-none-eabi/lib/thumb/v7e-m/fpv4-sp/hard\libc_nano.a(lib_a-nano-vfscanf_float.o)
                              (_scanf_float)
c:/st/stm32cubeide_1.3.0/stm32cubeide/plugins/com.st.stm32cube.ide.mcu.externaltools.gnu-tools-for-stm32.7-2018-q2-update.win32_1.0.0.201904181610/tools/bin/../lib/gcc/arm-none-eabi/7.3.1/../../../../arm-none-eabi/lib/thumb/v7e-m/fpv4-sp/hard\libc_nano.a(lib_a-sf_nan.o)
[...]
Memory Configuration

Name             Origin             Length             Attributes
RAM              0x0000000020000000 0x0000000000018000 xrw
RAM2             0x0000000010000000 0x0000000000008000 xrw
FLASH            0x0000000008000000 0x0000000000100000 xr
*default*        0x0000000000000000 0xffffffffffffffff

Linker script and memory map

LOAD c:/st/stm32cubeide_1.3.0/stm32cubeide/plugins/com.st.stm32cube.ide.mcu.externaltools.gnu-tools-for-stm32.7-2018-q2-update.win32_1.0.0.201904181610/tools/bin/../lib/gcc/arm-none-eabi/7.3.1/thumb/v7e-m/fpv4-sp/hard/crti.o
LOAD c:/st/stm32cubeide_1.3.0/stm32cubeide/plugins/com.st.stm32cube.ide.mcu.externaltools.gnu-tools-for-stm32.7-2018-q2-update.win32_1.0.0.201904181610/tools/bin/../lib/gcc/arm-none-eabi/7.3.1/thumb/v7e-m/fpv4-sp/hard/crtbegin.o
LOAD c:/st/stm32cubeide_1.3.0/stm32cubeide/plugins/com.st.stm32cube.ide.mcu.externaltools.gnu-tools-for-stm32.7-2018-q2-update.win32_1.0.0.201904181610/tools/bin/../lib/gcc/arm-none-eabi/7.3.1/../../../../arm-none-eabi/lib/thumb/v7e-m/fpv4-sp/hard/crt0.o
LOAD Core/Src/FreeRTOS/DecisionUnitTask.o
LOAD Core/Src/FreeRTOS/PCATask.o
LOAD Core/Src/FreeRTOS/VibrationTask.o
LOAD Core/Src/FreeRTOS/freertos.o
LOAD Core/Src/cpu/HAL_lib/stm32l4xx_hal_msp.o
LOAD Core/Src/cpu/HAL_lib/stm32l4xx_hal_timebase_tim.o
LOAD Core/Src/cpu/cmsis/arm_fill_f32.o
LOAD Core/Src/cpu/cmsis/arm_mat_init_f32.o
LOAD Core/Src/cpu/cmsis/arm_mat_mult_f32.o
LOAD Core/Src/cpu/cmsis/arm_mat_scale_f32.o
LOAD Core/Src/cpu/cmsis/arm_mat_sub_f32.o
LOAD Core/Src/cpu/cmsis/arm_mat_trans_f32.o
LOAD Core/Src/cpu/cmsis/arm_mean_f32.o
LOAD Core/Src/cpu/cmsis/arm_power_f32.o
LOAD Core/Src/cpu/cmsis/arm_std_f32.o
LOAD Core/Src/cpu/interrupt/stm32l4xx_it.o
LOAD Core/Src/cpu/sys_management/syscalls.o
LOAD Core/Src/cpu/sys_management/sysmem.o
LOAD Core/Src/cpu/sys_management/system_stm32l4xx.o
LOAD Core/Src/main.o
LOAD Core/Src/pca_hpca/function_pca.o
LOAD Core/Src/pca_hpca/function_qr.o
LOAD Core/Src/pca_hpca/pca.o
LOAD Core/Src/peripherals/dma.o
LOAD Core/Src/peripherals/gpio.o
LOAD Core/Src/peripherals/tim.o
LOAD Core/Src/peripherals/usart.o
LOAD Core/Startup/startup_stm32l476rgtx.o
LOAD Drivers/STM32L4xx_HAL_Driver/Src/stm32l4xx_hal.o
LOAD Drivers/STM32L4xx_HAL_Driver/Src/stm32l4xx_hal_cortex.o
LOAD Drivers/STM32L4xx_HAL_Driver/Src/stm32l4xx_hal_dma.o
LOAD Drivers/STM32L4xx_HAL_Driver/Src/stm32l4xx_hal_dma_ex.o
LOAD Drivers/STM32L4xx_HAL_Driver/Src/stm32l4xx_hal_exti.o
LOAD Drivers/STM32L4xx_HAL_Driver/Src/stm32l4xx_hal_flash.o
LOAD Drivers/STM32L4xx_HAL_Driver/Src/stm32l4xx_hal_flash_ex.o
LOAD Drivers/STM32L4xx_HAL_Driver/Src/stm32l4xx_hal_flash_ramfunc.o
LOAD Drivers/STM32L4xx_HAL_Driver/Src/stm32l4xx_hal_gpio.o
LOAD Drivers/STM32L4xx_HAL_Driver/Src/stm32l4xx_hal_i2c.o
LOAD Drivers/STM32L4xx_HAL_Driver/Src/stm32l4xx_hal_i2c_ex.o
LOAD Drivers/STM32L4xx_HAL_Driver/Src/stm32l4xx_hal_pwr.o
LOAD Drivers/STM32L4xx_HAL_Driver/Src/stm32l4xx_hal_pwr_ex.o
LOAD Drivers/STM32L4xx_HAL_Driver/Src/stm32l4xx_hal_rcc.o
LOAD Drivers/STM32L4xx_HAL_Driver/Src/stm32l4xx_hal_rcc_ex.o
LOAD Drivers/STM32L4xx_HAL_Driver/Src/stm32l4xx_hal_tim.o
LOAD Drivers/STM32L4xx_HAL_Driver/Src/stm32l4xx_hal_tim_ex.o
LOAD Drivers/STM32L4xx_HAL_Driver/Src/stm32l4xx_hal_uart.o
LOAD Drivers/STM32L4xx_HAL_Driver/Src/stm32l4xx_hal_uart_ex.o
LOAD Middlewares/Third_Party/FreeRTOS/Source/CMSIS_RTOS/cmsis_os.o
LOAD Middlewares/Third_Party/FreeRTOS/Source/croutine.o
LOAD Middlewares/Third_Party/FreeRTOS/Source/event_groups.o
LOAD Middlewares/Third_Party/FreeRTOS/Source/list.o
LOAD Middlewares/Third_Party/FreeRTOS/Source/queue.o
LOAD Middlewares/Third_Party/FreeRTOS/Source/stream_buffer.o
LOAD Middlewares/Third_Party/FreeRTOS/Source/tasks.o
LOAD Middlewares/Third_Party/FreeRTOS/Source/timers.o
LOAD Middlewares/Third_Party/FreeRTOS/Source/portable/GCC/ARM_CM4F/port.o
LOAD Middlewares/Third_Party/FreeRTOS/Source/portable/MemMang/heap_4.o
START GROUP
LOAD c:/st/stm32cubeide_1.3.0/stm32cubeide/plugins/com.st.stm32cube.ide.mcu.externaltools.gnu-tools-for-stm32.7-2018-q2-update.win32_1.0.0.201904181610/tools/bin/../lib/gcc/arm-none-eabi/7.3.1/../../../../arm-none-eabi/lib/thumb/v7e-m/fpv4-sp/hard\libc_nano.a
LOAD c:/st/stm32cubeide_1.3.0/stm32cubeide/plugins/com.st.stm32cube.ide.mcu.externaltools.gnu-tools-for-stm32.7-2018-q2-update.win32_1.0.0.201904181610/tools/bin/../lib/gcc/arm-none-eabi/7.3.1/../../../../arm-none-eabi/lib/thumb/v7e-m/fpv4-sp/hard\libm.a
END GROUP
START GROUP
LOAD c:/st/stm32cubeide_1.3.0/stm32cubeide/plugins/com.st.stm32cube.ide.mcu.externaltools.gnu-tools-for-stm32.7-2018-q2-update.win32_1.0.0.201904181610/tools/bin/../lib/gcc/arm-none-eabi/7.3.1/thumb/v7e-m/fpv4-sp/hard\libgcc.a
LOAD c:/st/stm32cubeide_1.3.0/stm32cubeide/plugins/com.st.stm32cube.ide.mcu.externaltools.gnu-tools-for-stm32.7-2018-q2-update.win32_1.0.0.201904181610/tools/bin/../lib/gcc/arm-none-eabi/7.3.1/../../../../arm-none-eabi/lib/thumb/v7e-m/fpv4-sp/hard\libc_nano.a
END GROUP
START GROUP
LOAD c:/st/stm32cubeide_1.3.0/stm32cubeide/plugins/com.st.stm32cube.ide.mcu.externaltools.gnu-tools-for-stm32.7-2018-q2-update.win32_1.0.0.201904181610/tools/bin/../lib/gcc/arm-none-eabi/7.3.1/thumb/v7e-m/fpv4-sp/hard\libgcc.a
LOAD c:/st/stm32cubeide_1.3.0/stm32cubeide/plugins/com.st.stm32cube.ide.mcu.externaltools.gnu-tools-for-stm32.7-2018-q2-update.win32_1.0.0.201904181610/tools/bin/../lib/gcc/arm-none-eabi/7.3.1/../../../../arm-none-eabi/lib/thumb/v7e-m/fpv4-sp/hard\libc_nano.a
LOAD c:/st/stm32cubeide_1.3.0/stm32cubeide/plugins/com.st.stm32cube.ide.mcu.externaltools.gnu-tools-for-stm32.7-2018-q2-update.win32_1.0.0.201904181610/tools/bin/../lib/gcc/arm-none-eabi/7.3.1/../../../../arm-none-eabi/lib/thumb/v7e-m/fpv4-sp/hard\libnosys.a
END GROUP
START GROUP
LOAD c:/st/stm32cubeide_1.3.0/stm32cubeide/plugins/com.st.stm32cube.ide.mcu.externaltools.gnu-tools-for-stm32.7-2018-q2-update.win32_1.0.0.201904181610/tools/bin/../lib/gcc/arm-none-eabi/7.3.1/thumb/v7e-m/fpv4-sp/hard\libgcc.a
LOAD c:/st/stm32cubeide_1.3.0/stm32cubeide/plugins/com.st.stm32cube.ide.mcu.externaltools.gnu-tools-for-stm32.7-2018-q2-update.win32_1.0.0.201904181610/tools/bin/../lib/gcc/arm-none-eabi/7.3.1/../../../../arm-none-eabi/lib/thumb/v7e-m/fpv4-sp/hard\libc_nano.a
LOAD c:/st/stm32cubeide_1.3.0/stm32cubeide/plugins/com.st.stm32cube.ide.mcu.externaltools.gnu-tools-for-stm32.7-2018-q2-update.win32_1.0.0.201904181610/tools/bin/../lib/gcc/arm-none-eabi/7.3.1/../../../../arm-none-eabi/lib/thumb/v7e-m/fpv4-sp/hard\libnosys.a
END GROUP
LOAD c:/st/stm32cubeide_1.3.0/stm32cubeide/plugins/com.st.stm32cube.ide.mcu.externaltools.gnu-tools-for-stm32.7-2018-q2-update.win32_1.0.0.201904181610/tools/bin/../lib/gcc/arm-none-eabi/7.3.1/thumb/v7e-m/fpv4-sp/hard/crtend.o
LOAD c:/st/stm32cubeide_1.3.0/stm32cubeide/plugins/com.st.stm32cube.ide.mcu.externaltools.gnu-tools-for-stm32.7-2018-q2-update.win32_1.0.0.201904181610/tools/bin/../lib/gcc/arm-none-eabi/7.3.1/thumb/v7e-m/fpv4-sp/hard/crtn.o
                0x0000000020018000                _estack = (ORIGIN (RAM) + LENGTH (RAM))
                0x0000000000000200                _Min_Heap_Size = 0x200
                0x0000000000000400                _Min_Stack_Size = 0x400

.isr_vector     0x0000000008000000      0x188
                0x0000000008000000                . = ALIGN (0x4)
 *(.isr_vector)
 .isr_vector    0x0000000008000000      0x188 Core/Startup/startup_stm32l476rgtx.o
                0x0000000008000000                g_pfnVectors
                0x0000000008000188                . = ALIGN (0x4)

.text           0x0000000008000190     0xad14
                0x0000000008000190                . = ALIGN (0x4)
 *(.text)
 .text          0x0000000008000190       0x40 c:/st/stm32cubeide_1.3.0/stm32cubeide/plugins/com.st.stm32cube.ide.mcu.externaltools.gnu-tools-for-stm32.7-2018-q2-update.win32_1.0.0.201904181610/tools/bin/../lib/gcc/arm-none-eabi/7.3.1/thumb/v7e-m/fpv4-sp/hard/crtbegin.o
 .text          0x00000000080001d0       0x10 c:/st/stm32cubeide_1.3.0/stm32cubeide/plugins/com.st.stm32cube.ide.mcu.externaltools.gnu-tools-for-stm32.7-2018-q2-update.win32_1.0.0.201904181610/tools/bin/../lib/gcc/arm-none-eabi/7.3.1/../../../../arm-none-eabi/lib/thumb/v7e-m/fpv4-sp/hard\libc_nano.a(lib_a-strlen.o)
                0x00000000080001d0                strlen
 .text          0x00000000080001e0       0xa0 c:/st/stm32cubeide_1.3.0/stm32cubeide/plugins/com.st.stm32cube.ide.mcu.externaltools.gnu-tools-for-stm32.7-2018-q2-update.win32_1.0.0.201904181610/tools/bin/../lib/gcc/arm-none-eabi/7.3.1/../../../../arm-none-eabi/lib/thumb/v7e-m/fpv4-sp/hard\libc_nano.a(lib_a-memchr.o)
                0x00000000080001e0                memchr
 .text          0x0000000008000280      0x378 c:/st/stm32cubeide_1.3.0/stm32cubeide/plugins/com.st.stm32cube.ide.mcu.externaltools.gnu-tools-for-stm32.7-2018-q2-update.win32_1.0.0.201904181610/tools/bin/../lib/gcc/arm-none-eabi/7.3.1/thumb/v7e-m/fpv4-sp/hard\libgcc.a(_arm_addsubdf3.o)
                0x0000000008000280                __aeabi_drsub
                0x0000000008000288                __aeabi_dsub
                0x0000000008000288                __subdf3
                0x000000000800028c                __aeabi_dadd
                0x000000000800028c                __adddf3
                0x0000000008000504                __floatunsidf
                0x0000000008000504                __aeabi_ui2d
                0x0000000008000524                __floatsidf
                0x0000000008000524                __aeabi_i2d
                0x0000000008000548                __aeabi_f2d
                0x0000000008000548                __extendsfdf2
                0x000000000800058c                __floatundidf
                0x000000000800058c                __aeabi_ul2d
                0x000000000800059c                __floatdidf
                0x000000000800059c                __aeabi_l2d
 .text          0x00000000080005f8      0x424 c:/st/stm32cubeide_1.3.0/stm32cubeide/plugins/com.st.stm32cube.ide.mcu.externaltools.gnu-tools-for-stm32.7-2018-q2-update.win32_1.0.0.201904181610/tools/bin/../lib/gcc/arm-none-eabi/7.3.1/thumb/v7e-m/fpv4-sp/hard\libgcc.a(_arm_muldivdf3.o)
                0x00000000080005f8                __aeabi_dmul
                0x00000000080005f8                __muldf3
                0x000000000800084c                __divdf3
                0x000000000800084c                __aeabi_ddiv
 .text          0x0000000008000a1c      0x110 c:/st/stm32cubeide_1.3.0/stm32cubeide/plugins/com.st.stm32cube.ide.mcu.externaltools.gnu-tools-for-stm32.7-2018-q2-update.win32_1.0.0.201904181610/tools/bin/../lib/gcc/arm-none-eabi/7.3.1/thumb/v7e-m/fpv4-sp/hard\libgcc.a(_arm_cmpdf2.o)
                0x0000000008000a1c                __gtdf2
                0x0000000008000a1c                __gedf2
                0x0000000008000a24                __ltdf2
                0x0000000008000a24                __ledf2
                0x0000000008000a2c                __nedf2
                0x0000000008000a2c                __eqdf2
                0x0000000008000a2c                __cmpdf2
                0x0000000008000aa8                __aeabi_cdrcmple
                0x0000000008000ab8                __aeabi_cdcmpeq
                0x0000000008000ab8                __aeabi_cdcmple
                0x0000000008000ac8                __aeabi_dcmpeq
                0x0000000008000adc                __aeabi_dcmplt
                0x0000000008000af0                __aeabi_dcmple
                0x0000000008000b04                __aeabi_dcmpge
                0x0000000008000b18                __aeabi_dcmpgt
 .text          0x0000000008000b2c       0x2c c:/st/stm32cubeide_1.3.0/stm32cubeide/plugins/com.st.stm32cube.ide.mcu.externaltools.gnu-tools-for-stm32.7-2018-q2-update.win32_1.0.0.201904181610/tools/bin/../lib/gcc/arm-none-eabi/7.3.1/thumb/v7e-m/fpv4-sp/hard\libgcc.a(_arm_unorddf2.o)
                0x0000000008000b2c                __unorddf2
                0x0000000008000b2c                __aeabi_dcmpun
 .text          0x0000000008000b58       0x50 c:/st/stm32cubeide_1.3.0/stm32cubeide/plugins/com.st.stm32cube.ide.mcu.externaltools.gnu-tools-for-stm32.7-2018-q2-update.win32_1.0.0.201904181610/tools/bin/../lib/gcc/arm-none-eabi/7.3.1/thumb/v7e-m/fpv4-sp/hard\libgcc.a(_arm_fixdfsi.o)
                0x0000000008000b58                __aeabi_d2iz
                0x0000000008000b58                __fixdfsi
 .text          0x0000000008000ba8       0x40 c:/st/stm32cubeide_1.3.0/stm32cubeide/plugins/com.st.stm32cube.ide.mcu.externaltools.gnu-tools-for-stm32.7-2018-q2-update.win32_1.0.0.201904181610/tools/bin/../lib/gcc/arm-none-eabi/7.3.1/thumb/v7e-m/fpv4-sp/hard\libgcc.a(_arm_fixunsdfsi.o)
                0x0000000008000ba8                __aeabi_d2uiz
                0x0000000008000ba8                __fixunsdfsi
 .text          0x0000000008000be8       0xa0 c:/st/stm32cubeide_1.3.0/stm32cubeide/plugins/com.st.stm32cube.ide.mcu.externaltools.gnu-tools-for-stm32.7-2018-q2-update.win32_1.0.0.201904181610/tools/bin/../lib/gcc/arm-none-eabi/7.3.1/thumb/v7e-m/fpv4-sp/hard\libgcc.a(_arm_truncdfsf2.o)
                0x0000000008000be8                __truncdfsf2
                0x0000000008000be8                __aeabi_d2f
 .text          0x0000000008000c88       0x30 c:/st/stm32cubeide_1.3.0/stm32cubeide/plugins/com.st.stm32cube.ide.mcu.externaltools.gnu-tools-for-stm32.7-2018-q2-update.win32_1.0.0.201904181610/tools/bin/../lib/gcc/arm-none-eabi/7.3.1/thumb/v7e-m/fpv4-sp/hard\libgcc.a(_aeabi_uldivmod.o)
                0x0000000008000c88                __aeabi_uldivmod
 .text          0x0000000008000cb8      0x2cc c:/st/stm32cubeide_1.3.0/stm32cubeide/plugins/com.st.stm32cube.ide.mcu.externaltools.gnu-tools-for-stm32.7-2018-q2-update.win32_1.0.0.201904181610/tools/bin/../lib/gcc/arm-none-eabi/7.3.1/thumb/v7e-m/fpv4-sp/hard\libgcc.a(_udivmoddi4.o)
                0x0000000008000cb8                __udivmoddi4
 .text          0x0000000008000f84        0x4 c:/st/stm32cubeide_1.3.0/stm32cubeide/plugins/com.st.stm32cube.ide.mcu.externaltools.gnu-tools-for-stm32.7-2018-q2-update.win32_1.0.0.201904181610/tools/bin/../lib/gcc/arm-none-eabi/7.3.1/thumb/v7e-m/fpv4-sp/hard\libgcc.a(_dvmd_tls.o)
                0x0000000008000f84                __aeabi_idiv0
                0x0000000008000f84                __aeabi_ldiv0
 *(.text*)
 .text.DecisionUnitFunc
                0x0000000008000f88      0x2a8 Core/Src/FreeRTOS/DecisionUnitTask.o
                0x0000000008000f88                DecisionUnitFunc
 .text.PCAFunc  0x0000000008001230      0x180 Core/Src/FreeRTOS/PCATask.o
                0x0000000008001230                PCAFunc
 .text.Training_shape.part.0
                0x00000000080013b0       0x8c Core/Src/FreeRTOS/VibrationTask.o
 .text.VibrationFunc
                0x000000000800143c       0xd0 Core/Src/FreeRTOS/VibrationTask.o
                0x000000000800143c                VibrationFunc
 .text.Inferring_shape
                0x000000000800150c      0x10c Core/Src/FreeRTOS/VibrationTask.o
                0x000000000800150c                Inferring_shape
 .text.HAL_UART_RxHalfCpltCallback
                0x0000000008001618       0x2c Core/Src/FreeRTOS/VibrationTask.o
                0x0000000008001618                HAL_UART_RxHalfCpltCallback
 .text.HAL_UART_RxCpltCallback
                0x0000000008001644       0x10 Core/Src/FreeRTOS/VibrationTask.o
                0x0000000008001644                HAL_UART_RxCpltCallback
 .text.vApplicationGetIdleTaskMemory
                0x0000000008001654       0x1c Core/Src/FreeRTOS/freertos.o
                0x0000000008001654                vApplicationGetIdleTaskMemory
 .text.vApplicationGetTimerTaskMemory
                0x0000000008001670       0x20 Core/Src/FreeRTOS/freertos.o
                0x0000000008001670                vApplicationGetTimerTaskMemory
 .text.MX_FREERTOS_Init
                0x0000000008001690       0x70 Core/Src/FreeRTOS/freertos.o
                0x0000000008001690                MX_FREERTOS_Init
 .text.HAL_MspInit
                0x0000000008001700       0x3c Core/Src/cpu/HAL_lib/stm32l4xx_hal_msp.o
                0x0000000008001700                HAL_MspInit
 .text.HAL_InitTick
                0x000000000800173c       0x7c Core/Src/cpu/HAL_lib/stm32l4xx_hal_timebase_tim.o
                0x000000000800173c                HAL_InitTick
 .text.NMI_Handler
                0x00000000080017b8        0x4 Core/Src/cpu/interrupt/stm32l4xx_it.o
                0x00000000080017b8                NMI_Handler
 .text.HardFault_Handler
                0x00000000080017bc        0x4 Core/Src/cpu/interrupt/stm32l4xx_it.o
                0x00000000080017bc                HardFault_Handler
 .text.MemManage_Handler
                0x00000000080017c0        0x4 Core/Src/cpu/interrupt/stm32l4xx_it.o
                0x00000000080017c0                MemManage_Handler
 .text.BusFault_Handler
                0x00000000080017c4        0x4 Core/Src/cpu/interrupt/stm32l4xx_it.o
                0x00000000080017c4                BusFault_Handler
 .text.UsageFault_Handler
                0x00000000080017c8        0x4 Core/Src/cpu/interrupt/stm32l4xx_it.o
                0x00000000080017c8                UsageFault_Handler
 .text.DebugMon_Handler
                0x00000000080017cc        0x4 Core/Src/cpu/interrupt/stm32l4xx_it.o
                0x00000000080017cc                DebugMon_Handler
 .text.DMA1_Channel6_IRQHandler
                0x00000000080017d0        0xc Core/Src/cpu/interrupt/stm32l4xx_it.o
                0x00000000080017d0                DMA1_Channel6_IRQHandler
 .text.TIM1_UP_TIM16_IRQHandler
                0x00000000080017dc        0xc Core/Src/cpu/interrupt/stm32l4xx_it.o
                0x00000000080017dc                TIM1_UP_TIM16_IRQHandler
 .text.TIM6_DAC_IRQHandler
                0x00000000080017e8        0xc Core/Src/cpu/interrupt/stm32l4xx_it.o
                0x00000000080017e8                TIM6_DAC_IRQHandler
 .text._sbrk    0x00000000080017f4       0x3c Core/Src/cpu/sys_management/sysmem.o
                0x00000000080017f4                _sbrk
 .text.SystemInit
                0x0000000008001830       0x50 Core/Src/cpu/sys_management/system_stm32l4xx.o
                0x0000000008001830                SystemInit
 .text.SystemClock_Config
                0x0000000008001880       0x78 Core/Src/main.o
                0x0000000008001880                SystemClock_Config
 .text.startup.main
                0x00000000080018f8       0x28 Core/Src/main.o
                0x00000000080018f8                main
 .text.Set_Event
                0x0000000008001920       0x3c Core/Src/main.o
                0x0000000008001920                Set_Event
 .text.HAL_TIM_PeriodElapsedCallback
                0x000000000800195c       0x14 Core/Src/main.o
                0x000000000800195c                HAL_TIM_PeriodElapsedCallback
 .text.Error_Handler
                0x0000000008001970        0x4 Core/Src/main.o
                0x0000000008001970                Error_Handler
 .text.miir_zscore_f32
                0x0000000008001974      0x180 Core/Src/pca_hpca/function_pca.o
                0x0000000008001974                miir_zscore_f32
 .text.miir_mat_compression_f32
                0x0000000008001af4       0x3c Core/Src/pca_hpca/function_pca.o
                0x0000000008001af4                miir_mat_compression_f32
 .text.miir_mat_decompression_f32
                0x0000000008001b30       0xa0 Core/Src/pca_hpca/function_pca.o
                0x0000000008001b30                miir_mat_decompression_f32
 .text.miir_rsnr_f32
                0x0000000008001bd0       0x64 Core/Src/pca_hpca/function_pca.o
                0x0000000008001bd0                miir_rsnr_f32
 .text.miir_arsnrdb_f32
                0x0000000008001c34       0x2c Core/Src/pca_hpca/function_pca.o
                0x0000000008001c34                miir_arsnrdb_f32
 .text.miir_mse_f32
                0x0000000008001c60       0x58 Core/Src/pca_hpca/function_pca.o
                0x0000000008001c60                miir_mse_f32
 .text.transform1
                0x0000000008001cb8      0x300 Core/Src/pca_hpca/function_qr.o
                0x0000000008001cb8                transform1
 .text.qr_opt   0x0000000008001fb8      0x248 Core/Src/pca_hpca/function_qr.o
                0x0000000008001fb8                qr_opt
 .text.HPCA_step
                0x0000000008002200      0x284 Core/Src/pca_hpca/pca.o
                0x0000000008002200                HPCA_step
 .text.MX_DMA_Init
                0x0000000008002484       0x34 Core/Src/peripherals/dma.o
                0x0000000008002484                MX_DMA_Init
 .text.MX_GPIO_Init
                0x00000000080024b8       0x88 Core/Src/peripherals/gpio.o
                0x00000000080024b8                MX_GPIO_Init
 .text.MX_TIM6_Init
                0x0000000008002540       0x50 Core/Src/peripherals/tim.o
                0x0000000008002540                MX_TIM6_Init
 .text.HAL_TIM_Base_MspInit
                0x0000000008002590       0x40 Core/Src/peripherals/tim.o
                0x0000000008002590                HAL_TIM_Base_MspInit
 .text.MX_USART2_UART_Init
                0x00000000080025d0       0x3c Core/Src/peripherals/usart.o
                0x00000000080025d0                MX_USART2_UART_Init
 .text.MX_USART3_UART_Init
                0x000000000800260c       0x3c Core/Src/peripherals/usart.o
                0x000000000800260c                MX_USART3_UART_Init
 .text.HAL_UART_MspInit
                0x0000000008002648       0xec Core/Src/peripherals/usart.o
                0x0000000008002648                HAL_UART_MspInit
 .text.Reset_Handler
                0x0000000008002734       0x50 Core/Startup/startup_stm32l476rgtx.o
                0x0000000008002734                Reset_Handler
 .text.Default_Handler
                0x0000000008002784        0x2 Core/Startup/startup_stm32l476rgtx.o
                0x0000000008002784                RTC_Alarm_IRQHandler
                0x0000000008002784                EXTI2_IRQHandler
                0x0000000008002784                TIM8_TRG_COM_IRQHandler
                0x0000000008002784                TIM8_CC_IRQHandler
                0x0000000008002784                TIM1_CC_IRQHandler
                0x0000000008002784                TSC_IRQHandler
                0x0000000008002784                TAMP_STAMP_IRQHandler
                0x0000000008002784                EXTI3_IRQHandler
                0x0000000008002784                LPTIM2_IRQHandler
                0x0000000008002784                DFSDM1_FLT1_IRQHandler
                0x0000000008002784                I2C3_ER_IRQHandler
                0x0000000008002784                DFSDM1_FLT2_IRQHandler
                0x0000000008002784                EXTI0_IRQHandler
                0x0000000008002784                I2C2_EV_IRQHandler
                0x0000000008002784                CAN1_RX0_IRQHandler
                0x0000000008002784                FPU_IRQHandler
                0x0000000008002784                ADC1_2_IRQHandler
                0x0000000008002784                SPI1_IRQHandler
                0x0000000008002784                TIM8_UP_IRQHandler
                0x0000000008002784                DMA2_Channel2_IRQHandler
                0x0000000008002784                DMA1_Channel4_IRQHandler
                0x0000000008002784                SAI2_IRQHandler
                0x0000000008002784                DFSDM1_FLT3_IRQHandler
                0x0000000008002784                USART3_IRQHandler
                0x0000000008002784                DMA1_Channel7_IRQHandler
                0x0000000008002784                CAN1_RX1_IRQHandler
                0x0000000008002784                LCD_IRQHandler
                0x0000000008002784                UART5_IRQHandler
                0x0000000008002784                ADC3_IRQHandler
                0x0000000008002784                TIM4_IRQHandler
                0x0000000008002784                DMA2_Channel1_IRQHandler
                0x0000000008002784                QUADSPI_IRQHandler
                0x0000000008002784                I2C1_EV_IRQHandler
                0x0000000008002784                UART4_IRQHandler
                0x0000000008002784                DMA2_Channel4_IRQHandler
                0x0000000008002784                TIM3_IRQHandler
                0x0000000008002784                RCC_IRQHandler
                0x0000000008002784                DMA1_Channel1_IRQHandler
                0x0000000008002784                Default_Handler
                0x0000000008002784                DMA2_Channel7_IRQHandler
                0x0000000008002784                EXTI15_10_IRQHandler
                0x0000000008002784                TIM7_IRQHandler
                0x0000000008002784                SDMMC1_IRQHandler
                0x0000000008002784                TIM5_IRQHandler
                0x0000000008002784                I2C3_EV_IRQHandler
                0x0000000008002784                EXTI9_5_IRQHandler
                0x0000000008002784                RTC_WKUP_IRQHandler
                0x0000000008002784                PVD_PVM_IRQHandler
                0x0000000008002784                SPI2_IRQHandler
                0x0000000008002784                CAN1_TX_IRQHandler
                0x0000000008002784                DMA2_Channel5_IRQHandler
                0x0000000008002784                DMA1_Channel5_IRQHandler
                0x0000000008002784                EXTI4_IRQHandler
                0x0000000008002784                RNG_IRQHandler
                0x0000000008002784                TIM1_TRG_COM_TIM17_IRQHandler
                0x0000000008002784                DMA1_Channel3_IRQHandler
                0x0000000008002784                COMP_IRQHandler
                0x0000000008002784                WWDG_IRQHandler
                0x0000000008002784                LPUART1_IRQHandler
                0x0000000008002784                DMA2_Channel6_IRQHandler
                0x0000000008002784                TIM2_IRQHandler
                0x0000000008002784                EXTI1_IRQHandler
                0x0000000008002784                USART2_IRQHandler
                0x0000000008002784                DFSDM1_FLT0_IRQHandler
                0x0000000008002784                I2C2_ER_IRQHandler
                0x0000000008002784                DMA1_Channel2_IRQHandler
                0x0000000008002784                TIM8_BRK_IRQHandler
                0x0000000008002784                CAN1_SCE_IRQHandler
                0x0000000008002784                FLASH_IRQHandler
                0x0000000008002784                USART1_IRQHandler
                0x0000000008002784                OTG_FS_IRQHandler
                0x0000000008002784                SPI3_IRQHandler
                0x0000000008002784                I2C1_ER_IRQHandler
                0x0000000008002784                FMC_IRQHandler
                0x0000000008002784                SWPMI1_IRQHandler
                0x0000000008002784                LPTIM1_IRQHandler
                0x0000000008002784                SAI1_IRQHandler
                0x0000000008002784                DMA2_Channel3_IRQHandler
                0x0000000008002784                TIM1_BRK_TIM15_IRQHandler
 *fill*         0x0000000008002786        0x2 
 .text.HAL_Init
                0x0000000008002788       0x28 Drivers/STM32L4xx_HAL_Driver/Src/stm32l4xx_hal.o
                0x0000000008002788                HAL_Init
 .text.HAL_IncTick
                0x00000000080027b0       0x18 Drivers/STM32L4xx_HAL_Driver/Src/stm32l4xx_hal.o
                0x00000000080027b0                HAL_IncTick
 .text.HAL_GetTick
                0x00000000080027c8        0xc Drivers/STM32L4xx_HAL_Driver/Src/stm32l4xx_hal.o
                0x00000000080027c8                HAL_GetTick
 .text.HAL_NVIC_SetPriorityGrouping
                0x00000000080027d4       0x24 Drivers/STM32L4xx_HAL_Driver/Src/stm32l4xx_hal_cortex.o
                0x00000000080027d4                HAL_NVIC_SetPriorityGrouping
 .text.HAL_NVIC_SetPriority
                0x00000000080027f8       0x6c Drivers/STM32L4xx_HAL_Driver/Src/stm32l4xx_hal_cortex.o
                0x00000000080027f8                HAL_NVIC_SetPriority
 .text.HAL_NVIC_EnableIRQ
                0x0000000008002864       0x1c Drivers/STM32L4xx_HAL_Driver/Src/stm32l4xx_hal_cortex.o
                0x0000000008002864                HAL_NVIC_EnableIRQ
 .text.HAL_DMA_Init
                0x0000000008002880       0xd8 Drivers/STM32L4xx_HAL_Driver/Src/stm32l4xx_hal_dma.o
                0x0000000008002880                HAL_DMA_Init
 .text.HAL_DMA_Start_IT
                0x0000000008002958       0x8c Drivers/STM32L4xx_HAL_Driver/Src/stm32l4xx_hal_dma.o
                0x0000000008002958                HAL_DMA_Start_IT
 .text.HAL_DMA_IRQHandler
                0x00000000080029e4       0xa0 Drivers/STM32L4xx_HAL_Driver/Src/stm32l4xx_hal_dma.o
                0x00000000080029e4                HAL_DMA_IRQHandler
 .text.HAL_GPIO_Init
                0x0000000008002a84      0x1f0 Drivers/STM32L4xx_HAL_Driver/Src/stm32l4xx_hal_gpio.o
                0x0000000008002a84                HAL_GPIO_Init
 .text.HAL_GPIO_WritePin
                0x0000000008002c74        0xc Drivers/STM32L4xx_HAL_Driver/Src/stm32l4xx_hal_gpio.o
                0x0000000008002c74                HAL_GPIO_WritePin
 .text.HAL_PWREx_GetVoltageRange
                0x0000000008002c80       0x10 Drivers/STM32L4xx_HAL_Driver/Src/stm32l4xx_hal_pwr_ex.o
                0x0000000008002c80                HAL_PWREx_GetVoltageRange
 .text.HAL_PWREx_ControlVoltageScaling
                0x0000000008002c90       0x88 Drivers/STM32L4xx_HAL_Driver/Src/stm32l4xx_hal_pwr_ex.o
                0x0000000008002c90                HAL_PWREx_ControlVoltageScaling
 .text.HAL_RCC_GetSysClockFreq
                0x0000000008002d18       0xb4 Drivers/STM32L4xx_HAL_Driver/Src/stm32l4xx_hal_rcc.o
                0x0000000008002d18                HAL_RCC_GetSysClockFreq
 .text.HAL_RCC_OscConfig
                0x0000000008002dcc      0x6e0 Drivers/STM32L4xx_HAL_Driver/Src/stm32l4xx_hal_rcc.o
                0x0000000008002dcc                HAL_RCC_OscConfig
 .text.HAL_RCC_ClockConfig
                0x00000000080034ac      0x130 Drivers/STM32L4xx_HAL_Driver/Src/stm32l4xx_hal_rcc.o
                0x00000000080034ac                HAL_RCC_ClockConfig
 .text.HAL_RCC_GetPCLK1Freq
                0x00000000080035dc       0x24 Drivers/STM32L4xx_HAL_Driver/Src/stm32l4xx_hal_rcc.o
                0x00000000080035dc                HAL_RCC_GetPCLK1Freq
 .text.HAL_RCC_GetPCLK2Freq
                0x0000000008003600       0x24 Drivers/STM32L4xx_HAL_Driver/Src/stm32l4xx_hal_rcc.o
                0x0000000008003600                HAL_RCC_GetPCLK2Freq
 .text.HAL_RCC_GetClockConfig
                0x0000000008003624       0x44 Drivers/STM32L4xx_HAL_Driver/Src/stm32l4xx_hal_rcc.o
                0x0000000008003624                HAL_RCC_GetClockConfig
 .text.RCCEx_PLLSAI1_Config
                0x0000000008003668      0x11c Drivers/STM32L4xx_HAL_Driver/Src/stm32l4xx_hal_rcc_ex.o
 .text.RCCEx_PLLSAI2_Config
                0x0000000008003784       0xfc Drivers/STM32L4xx_HAL_Driver/Src/stm32l4xx_hal_rcc_ex.o
 .text.HAL_RCCEx_PeriphCLKConfig
                0x0000000008003880      0x420 Drivers/STM32L4xx_HAL_Driver/Src/stm32l4xx_hal_rcc_ex.o
                0x0000000008003880                HAL_RCCEx_PeriphCLKConfig
 .text.HAL_TIM_Base_Init
                0x0000000008003ca0      0x118 Drivers/STM32L4xx_HAL_Driver/Src/stm32l4xx_hal_tim.o
                0x0000000008003ca0                HAL_TIM_Base_Init
 .text.HAL_TIM_Base_Start_IT
                0x0000000008003db8       0x2c Drivers/STM32L4xx_HAL_Driver/Src/stm32l4xx_hal_tim.o
                0x0000000008003db8                HAL_TIM_Base_Start_IT
 .text.HAL_TIM_OC_DelayElapsedCallback
                0x0000000008003de4        0x4 Drivers/STM32L4xx_HAL_Driver/Src/stm32l4xx_hal_tim.o
                0x0000000008003de4                HAL_TIM_OC_DelayElapsedCallback
 .text.HAL_TIM_IC_CaptureCallback
                0x0000000008003de8        0x4 Drivers/STM32L4xx_HAL_Driver/Src/stm32l4xx_hal_tim.o
                0x0000000008003de8                HAL_TIM_IC_CaptureCallback
 .text.HAL_TIM_PWM_PulseFinishedCallback
                0x0000000008003dec        0x4 Drivers/STM32L4xx_HAL_Driver/Src/stm32l4xx_hal_tim.o
                0x0000000008003dec                HAL_TIM_PWM_PulseFinishedCallback
 .text.HAL_TIM_TriggerCallback
                0x0000000008003df0        0x4 Drivers/STM32L4xx_HAL_Driver/Src/stm32l4xx_hal_tim.o
                0x0000000008003df0                HAL_TIM_TriggerCallback
 .text.HAL_TIM_IRQHandler
                0x0000000008003df4      0x170 Drivers/STM32L4xx_HAL_Driver/Src/stm32l4xx_hal_tim.o
                0x0000000008003df4                HAL_TIM_IRQHandler
 .text.HAL_TIMEx_MasterConfigSynchronization
                0x0000000008003f64       0xa4 Drivers/STM32L4xx_HAL_Driver/Src/stm32l4xx_hal_tim_ex.o
                0x0000000008003f64                HAL_TIMEx_MasterConfigSynchronization
 .text.HAL_TIMEx_CommutCallback
                0x0000000008004008        0x4 Drivers/STM32L4xx_HAL_Driver/Src/stm32l4xx_hal_tim_ex.o
                0x0000000008004008                HAL_TIMEx_CommutCallback
 .text.HAL_TIMEx_BreakCallback
                0x000000000800400c        0x4 Drivers/STM32L4xx_HAL_Driver/Src/stm32l4xx_hal_tim_ex.o
                0x000000000800400c                HAL_TIMEx_BreakCallback
 .text.HAL_TIMEx_Break2Callback
                0x0000000008004010        0x4 Drivers/STM32L4xx_HAL_Driver/Src/stm32l4xx_hal_tim_ex.o
                0x0000000008004010                HAL_TIMEx_Break2Callback
 .text.HAL_UART_Transmit
                0x0000000008004014      0x178 Drivers/STM32L4xx_HAL_Driver/Src/stm32l4xx_hal_uart.o
                0x0000000008004014                HAL_UART_Transmit
 .text.HAL_UART_Receive_DMA
                0x000000000800418c       0xa8 Drivers/STM32L4xx_HAL_Driver/Src/stm32l4xx_hal_uart.o
                0x000000000800418c                HAL_UART_Receive_DMA
 .text.UART_DMAReceiveCplt
                0x0000000008004234       0x38 Drivers/STM32L4xx_HAL_Driver/Src/stm32l4xx_hal_uart.o
 .text.UART_DMARxHalfCplt
                0x000000000800426c        0xc Drivers/STM32L4xx_HAL_Driver/Src/stm32l4xx_hal_uart.o
 .text.HAL_UART_ErrorCallback
                0x0000000008004278        0x4 Drivers/STM32L4xx_HAL_Driver/Src/stm32l4xx_hal_uart.o
                0x0000000008004278                HAL_UART_ErrorCallback
 .text.UART_DMAError
                0x000000000800427c       0x60 Drivers/STM32L4xx_HAL_Driver/Src/stm32l4xx_hal_uart.o
 .text.UART_AdvFeatureConfig
                0x00000000080042dc       0xb0 Drivers/STM32L4xx_HAL_Driver/Src/stm32l4xx_hal_uart.o
                0x00000000080042dc                UART_AdvFeatureConfig
 .text.HAL_UART_Init
                0x000000000800438c      0x468 Drivers/STM32L4xx_HAL_Driver/Src/stm32l4xx_hal_uart.o
                0x000000000800438c                HAL_UART_Init
 .text.osKernelStart
                0x00000000080047f4        0xc Middlewares/Third_Party/FreeRTOS/Source/CMSIS_RTOS/cmsis_os.o
                0x00000000080047f4                osKernelStart
 .text.osThreadCreate
                0x0000000008004800       0x54 Middlewares/Third_Party/FreeRTOS/Source/CMSIS_RTOS/cmsis_os.o
                0x0000000008004800                osThreadCreate
 .text.osDelay  0x0000000008004854       0x10 Middlewares/Third_Party/FreeRTOS/Source/CMSIS_RTOS/cmsis_os.o
                0x0000000008004854                osDelay
 .text.unlikely.xEventGroupSetBits.part.1
                0x0000000008004864       0x5c Middlewares/Third_Party/FreeRTOS/Source/event_groups.o
 .text.xEventGroupCreateStatic
                0x00000000080048c0       0x4c Middlewares/Third_Party/FreeRTOS/Source/event_groups.o
                0x00000000080048c0                xEventGroupCreateStatic
 .text.xEventGroupWaitBits
                0x000000000800490c      0x10c Middlewares/Third_Party/FreeRTOS/Source/event_groups.o
                0x000000000800490c                xEventGroupWaitBits
 .text.vEventGroupSetBitsCallback
                0x0000000008004a18       0x30 Middlewares/Third_Party/FreeRTOS/Source/event_groups.o
                0x0000000008004a18                vEventGroupSetBitsCallback
 .text.vListInitialise
                0x0000000008004a48       0x18 Middlewares/Third_Party/FreeRTOS/Source/list.o
                0x0000000008004a48                vListInitialise
 .text.vListInitialiseItem
                0x0000000008004a60        0x8 Middlewares/Third_Party/FreeRTOS/Source/list.o
                0x0000000008004a60                vListInitialiseItem
 .text.vListInsertEnd
                0x0000000008004a68       0x20 Middlewares/Third_Party/FreeRTOS/Source/list.o
                0x0000000008004a68                vListInsertEnd
 .text.vListInsert
                0x0000000008004a88       0x34 Middlewares/Third_Party/FreeRTOS/Source/list.o
                0x0000000008004a88                vListInsert
 .text.uxListRemove
                0x0000000008004abc       0x28 Middlewares/Third_Party/FreeRTOS/Source/list.o
                0x0000000008004abc                uxListRemove
 .text.prvUnlockQueue
                0x0000000008004ae4       0x94 Middlewares/Third_Party/FreeRTOS/Source/queue.o
 .text.xQueueGenericReset
                0x0000000008004b78       0x84 Middlewares/Third_Party/FreeRTOS/Source/queue.o
                0x0000000008004b78                xQueueGenericReset
 .text.xQueueGenericCreateStatic
                0x0000000008004bfc       0xa8 Middlewares/Third_Party/FreeRTOS/Source/queue.o
                0x0000000008004bfc                xQueueGenericCreateStatic
 .text.xQueueGenericSend
                0x0000000008004ca4      0x324 Middlewares/Third_Party/FreeRTOS/Source/queue.o
                0x0000000008004ca4                xQueueGenericSend
 .text.xQueueGenericSendFromISR
                0x0000000008004fc8      0x12c Middlewares/Third_Party/FreeRTOS/Source/queue.o
                0x0000000008004fc8                xQueueGenericSendFromISR
 .text.xQueueReceive
                0x00000000080050f4      0x2c8 Middlewares/Third_Party/FreeRTOS/Source/queue.o
                0x00000000080050f4                xQueueReceive
 .text.vQueueAddToRegistry
                0x00000000080053bc       0x54 Middlewares/Third_Party/FreeRTOS/Source/queue.o
                0x00000000080053bc                vQueueAddToRegistry
 .text.vQueueWaitForMessageRestricted
                0x0000000008005410       0xcc Middlewares/Third_Party/FreeRTOS/Source/queue.o
                0x0000000008005410                vQueueWaitForMessageRestricted
 .text.prvAddNewTaskToReadyList
                0x00000000080054dc      0x118 Middlewares/Third_Party/FreeRTOS/Source/tasks.o
 .text.prvInitialiseNewTask.isra.2
                0x00000000080055f4      0x118 Middlewares/Third_Party/FreeRTOS/Source/tasks.o
 .text.prvAddCurrentTaskToDelayedList
                0x000000000800570c       0x8c Middlewares/Third_Party/FreeRTOS/Source/tasks.o
 .text.prvIdleTask
                0x0000000008005798       0xa0 Middlewares/Third_Party/FreeRTOS/Source/tasks.o
 .text.xTaskCreateStatic
                0x0000000008005838       0x70 Middlewares/Third_Party/FreeRTOS/Source/tasks.o
                0x0000000008005838                xTaskCreateStatic
 .text.xTaskCreate
                0x00000000080058a8      0x158 Middlewares/Third_Party/FreeRTOS/Source/tasks.o
                0x00000000080058a8                xTaskCreate
 .text.vTaskStartScheduler
                0x0000000008005a00       0xe0 Middlewares/Third_Party/FreeRTOS/Source/tasks.o
                0x0000000008005a00                vTaskStartScheduler
 .text.vTaskSuspendAll
                0x0000000008005ae0       0x10 Middlewares/Third_Party/FreeRTOS/Source/tasks.o
                0x0000000008005ae0                vTaskSuspendAll
 .text.xTaskGetTickCount
                0x0000000008005af0        0xc Middlewares/Third_Party/FreeRTOS/Source/tasks.o
                0x0000000008005af0                xTaskGetTickCount
 .text.xTaskIncrementTick
                0x0000000008005afc      0x158 Middlewares/Third_Party/FreeRTOS/Source/tasks.o
                0x0000000008005afc                xTaskIncrementTick
 .text.xTaskResumeAll
                0x0000000008005c54      0x114 Middlewares/Third_Party/FreeRTOS/Source/tasks.o
                0x0000000008005c54                xTaskResumeAll
 .text.vTaskDelay
                0x0000000008005d68       0x48 Middlewares/Third_Party/FreeRTOS/Source/tasks.o
                0x0000000008005d68                vTaskDelay
 .text.vTaskSwitchContext
                0x0000000008005db0       0x7c Middlewares/Third_Party/FreeRTOS/Source/tasks.o
                0x0000000008005db0                vTaskSwitchContext
 .text.vTaskPlaceOnEventList
                0x0000000008005e2c       0xa0 Middlewares/Third_Party/FreeRTOS/Source/tasks.o
                0x0000000008005e2c                vTaskPlaceOnEventList
 .text.vTaskPlaceOnUnorderedEventList
                0x0000000008005ecc       0x58 Middlewares/Third_Party/FreeRTOS/Source/tasks.o
                0x0000000008005ecc                vTaskPlaceOnUnorderedEventList
 .text.vTaskPlaceOnEventListRestricted
                0x0000000008005f24       0xbc Middlewares/Third_Party/FreeRTOS/Source/tasks.o
                0x0000000008005f24                vTaskPlaceOnEventListRestricted
 .text.xTaskRemoveFromEventList
                0x0000000008005fe0       0x88 Middlewares/Third_Party/FreeRTOS/Source/tasks.o
                0x0000000008005fe0                xTaskRemoveFromEventList
 .text.vTaskRemoveFromUnorderedEventList
                0x0000000008006068       0x8c Middlewares/Third_Party/FreeRTOS/Source/tasks.o
                0x0000000008006068                vTaskRemoveFromUnorderedEventList
 .text.vTaskInternalSetTimeOutState
                0x00000000080060f4       0x18 Middlewares/Third_Party/FreeRTOS/Source/tasks.o
                0x00000000080060f4                vTaskInternalSetTimeOutState
 .text.xTaskCheckForTimeOut
                0x000000000800610c       0x8c Middlewares/Third_Party/FreeRTOS/Source/tasks.o
                0x000000000800610c                xTaskCheckForTimeOut
 .text.vTaskMissedYield
                0x0000000008006198        0xc Middlewares/Third_Party/FreeRTOS/Source/tasks.o
                0x0000000008006198                vTaskMissedYield
 .text.xTaskGetSchedulerState
                0x00000000080061a4       0x20 Middlewares/Third_Party/FreeRTOS/Source/tasks.o
                0x00000000080061a4                xTaskGetSchedulerState
 .text.xTaskPriorityDisinherit
                0x00000000080061c4       0xb0 Middlewares/Third_Party/FreeRTOS/Source/tasks.o
                0x00000000080061c4                xTaskPriorityDisinherit
 .text.uxTaskResetEventItemValue
                0x0000000008006274       0x18 Middlewares/Third_Party/FreeRTOS/Source/tasks.o
                0x0000000008006274                uxTaskResetEventItemValue
 .text.prvSwitchTimerLists
                0x000000000800628c       0x98 Middlewares/Third_Party/FreeRTOS/Source/timers.o
 .text.prvTimerTask
                0x0000000008006324      0x284 Middlewares/Third_Party/FreeRTOS/Source/timers.o
 .text.xTimerCreateTimerTask
                0x00000000080065a8       0xbc Middlewares/Third_Party/FreeRTOS/Source/timers.o
                0x00000000080065a8                xTimerCreateTimerTask
 .text.xTimerPendFunctionCallFromISR
                0x0000000008006664       0x28 Middlewares/Third_Party/FreeRTOS/Source/timers.o
                0x0000000008006664                xTimerPendFunctionCallFromISR
 .text.prvTaskExitError
                0x000000000800668c       0x40 Middlewares/Third_Party/FreeRTOS/Source/portable/GCC/ARM_CM4F/port.o
 .text.unlikely.prvPortStartFirstTask
                0x00000000080066cc       0x28 Middlewares/Third_Party/FreeRTOS/Source/portable/GCC/ARM_CM4F/port.o
 .text.unlikely.vPortEnableVFP
                0x00000000080066f4       0x14 Middlewares/Third_Party/FreeRTOS/Source/portable/GCC/ARM_CM4F/port.o
 .text.pxPortInitialiseStack
                0x0000000008006708       0x2c Middlewares/Third_Party/FreeRTOS/Source/portable/GCC/ARM_CM4F/port.o
                0x0000000008006708                pxPortInitialiseStack
 *fill*         0x0000000008006734        0xc 
 .text.SVC_Handler
                0x0000000008006740       0x24 Middlewares/Third_Party/FreeRTOS/Source/portable/GCC/ARM_CM4F/port.o
                0x0000000008006740                SVC_Handler
 .text.vPortEnterCritical
                0x0000000008006764       0x44 Middlewares/Third_Party/FreeRTOS/Source/portable/GCC/ARM_CM4F/port.o
                0x0000000008006764                vPortEnterCritical
 .text.vPortExitCritical
                0x00000000080067a8       0x28 Middlewares/Third_Party/FreeRTOS/Source/portable/GCC/ARM_CM4F/port.o
                0x00000000080067a8                vPortExitCritical
 .text.PendSV_Handler
                0x00000000080067d0       0x64 Middlewares/Third_Party/FreeRTOS/Source/portable/GCC/ARM_CM4F/port.o
                0x00000000080067d0                PendSV_Handler
 .text.SysTick_Handler
                0x0000000008006834       0x2c Middlewares/Third_Party/FreeRTOS/Source/portable/GCC/ARM_CM4F/port.o
                0x0000000008006834                SysTick_Handler
 .text.vPortSetupTimerInterrupt
                0x0000000008006860       0x3c Middlewares/Third_Party/FreeRTOS/Source/portable/GCC/ARM_CM4F/port.o
                0x0000000008006860                vPortSetupTimerInterrupt
 .text.xPortStartScheduler
                0x000000000800689c      0x110 Middlewares/Third_Party/FreeRTOS/Source/portable/GCC/ARM_CM4F/port.o
                0x000000000800689c                xPortStartScheduler
 .text.vPortValidateInterruptPriority
                0x00000000080069ac       0x5c Middlewares/Third_Party/FreeRTOS/Source/portable/GCC/ARM_CM4F/port.o
                0x00000000080069ac                vPortValidateInterruptPriority
 .text.unlikely.prvInsertBlockIntoFreeList
                0x0000000008006a08       0x50 Middlewares/Third_Party/FreeRTOS/Source/portable/MemMang/heap_4.o
 .text.pvPortMalloc
                0x0000000008006a58      0x118 Middlewares/Third_Party/FreeRTOS/Source/portable/MemMang/heap_4.o
                0x0000000008006a58                pvPortMalloc
 .text.vPortFree
                0x0000000008006b70       0x70 Middlewares/Third_Party/FreeRTOS/Source/portable/MemMang/heap_4.o
                0x0000000008006b70                vPortFree
 .text.atof     0x0000000008006be0        0x6 c:/st/stm32cubeide_1.3.0/stm32cubeide/plugins/com.st.stm32cube.ide.mcu.externaltools.gnu-tools-for-stm32.7-2018-q2-update.win32_1.0.0.201904181610/tools/bin/../lib/gcc/arm-none-eabi/7.3.1/../../../../arm-none-eabi/lib/thumb/v7e-m/fpv4-sp/hard\libc_nano.a(lib_a-atof.o)
                0x0000000008006be0                atof
 *fill*         0x0000000008006be6        0x2 
 .text.__errno  0x0000000008006be8        0xc c:/st/stm32cubeide_1.3.0/stm32cubeide/plugins/com.st.stm32cube.ide.mcu.externaltools.gnu-tools-for-stm32.7-2018-q2-update.win32_1.0.0.201904181610/tools/bin/../lib/gcc/arm-none-eabi/7.3.1/../../../../arm-none-eabi/lib/thumb/v7e-m/fpv4-sp/hard\libc_nano.a(lib_a-errno.o)
                0x0000000008006be8                __errno
 .text.__libc_init_array
                0x0000000008006bf4       0x48 c:/st/stm32cubeide_1.3.0/stm32cubeide/plugins/com.st.stm32cube.ide.mcu.externaltools.gnu-tools-for-stm32.7-2018-q2-update.win32_1.0.0.201904181610/tools/bin/../lib/gcc/arm-none-eabi/7.3.1/../../../../arm-none-eabi/lib/thumb/v7e-m/fpv4-sp/hard\libc_nano.a(lib_a-init.o)
                0x0000000008006bf4                __libc_init_array
 .text.memcpy   0x0000000008006c3c       0x16 c:/st/stm32cubeide_1.3.0/stm32cubeide/plugins/com.st.stm32cube.ide.mcu.externaltools.gnu-tools-for-stm32.7-2018-q2-update.win32_1.0.0.201904181610/tools/bin/../lib/gcc/arm-none-eabi/7.3.1/../../../../arm-none-eabi/lib/thumb/v7e-m/fpv4-sp/hard\libc_nano.a(lib_a-memcpy-stub.o)
                0x0000000008006c3c                memcpy
 .text.memset   0x0000000008006c52       0x10 c:/st/stm32cubeide_1.3.0/stm32cubeide/plugins/com.st.stm32cube.ide.mcu.externaltools.gnu-tools-for-stm32.7-2018-q2-update.win32_1.0.0.201904181610/tools/bin/../lib/gcc/arm-none-eabi/7.3.1/../../../../arm-none-eabi/lib/thumb/v7e-m/fpv4-sp/hard\libc_nano.a(lib_a-memset.o)
                0x0000000008006c52                memset
 .text.__cvt    0x0000000008006c62       0xc2 c:/st/stm32cubeide_1.3.0/stm32cubeide/plugins/com.st.stm32cube.ide.mcu.externaltools.gnu-tools-for-stm32.7-2018-q2-update.win32_1.0.0.201904181610/tools/bin/../lib/gcc/arm-none-eabi/7.3.1/../../../../arm-none-eabi/lib/thumb/v7e-m/fpv4-sp/hard\libc_nano.a(lib_a-nano-vfprintf_float.o)
                0x0000000008006c62                __cvt
 .text.__exponent
                0x0000000008006d24       0x66 c:/st/stm32cubeide_1.3.0/stm32cubeide/plugins/com.st.stm32cube.ide.mcu.externaltools.gnu-tools-for-stm32.7-2018-q2-update.win32_1.0.0.201904181610/tools/bin/../lib/gcc/arm-none-eabi/7.3.1/../../../../arm-none-eabi/lib/thumb/v7e-m/fpv4-sp/hard\libc_nano.a(lib_a-nano-vfprintf_float.o)
                0x0000000008006d24                __exponent
 *fill*         0x0000000008006d8a        0x2 
 .text._printf_float
                0x0000000008006d8c      0x480 c:/st/stm32cubeide_1.3.0/stm32cubeide/plugins/com.st.stm32cube.ide.mcu.externaltools.gnu-tools-for-stm32.7-2018-q2-update.win32_1.0.0.201904181610/tools/bin/../lib/gcc/arm-none-eabi/7.3.1/../../../../arm-none-eabi/lib/thumb/v7e-m/fpv4-sp/hard\libc_nano.a(lib_a-nano-vfprintf_float.o)
                0x0000000008006d8c                _printf_float
 .text._printf_common
                0x000000000800720c       0xea c:/st/stm32cubeide_1.3.0/stm32cubeide/plugins/com.st.stm32cube.ide.mcu.externaltools.gnu-tools-for-stm32.7-2018-q2-update.win32_1.0.0.201904181610/tools/bin/../lib/gcc/arm-none-eabi/7.3.1/../../../../arm-none-eabi/lib/thumb/v7e-m/fpv4-sp/hard\libc_nano.a(lib_a-nano-vfprintf_i.o)
                0x000000000800720c                _printf_common
 *fill*         0x00000000080072f6        0x2 
 .text._printf_i
                0x00000000080072f8      0x224 c:/st/stm32cubeide_1.3.0/stm32cubeide/plugins/com.st.stm32cube.ide.mcu.externaltools.gnu-tools-for-stm32.7-2018-q2-update.win32_1.0.0.201904181610/tools/bin/../lib/gcc/arm-none-eabi/7.3.1/../../../../arm-none-eabi/lib/thumb/v7e-m/fpv4-sp/hard\libc_nano.a(lib_a-nano-vfprintf_i.o)
                0x00000000080072f8                _printf_i
 .text._scanf_float
                0x000000000800751c      0x3c4 c:/st/stm32cubeide_1.3.0/stm32cubeide/plugins/com.st.stm32cube.ide.mcu.externaltools.gnu-tools-for-stm32.7-2018-q2-update.win32_1.0.0.201904181610/tools/bin/../lib/gcc/arm-none-eabi/7.3.1/../../../../arm-none-eabi/lib/thumb/v7e-m/fpv4-sp/hard\libc_nano.a(lib_a-nano-vfscanf_float.o)
                0x000000000800751c                _scanf_float
 .text.nanf     0x00000000080078e0        0xc c:/st/stm32cubeide_1.3.0/stm32cubeide/plugins/com.st.stm32cube.ide.mcu.externaltools.gnu-tools-for-stm32.7-2018-q2-update.win32_1.0.0.201904181610/tools/bin/../lib/gcc/arm-none-eabi/7.3.1/../../../../arm-none-eabi/lib/thumb/v7e-m/fpv4-sp/hard\libc_nano.a(lib_a-sf_nan.o)
                0x00000000080078e0                nanf
 .text.sprintf  0x00000000080078ec       0x40 c:/st/stm32cubeide_1.3.0/stm32cubeide/plugins/com.st.stm32cube.ide.mcu.externaltools.gnu-tools-for-stm32.7-2018-q2-update.win32_1.0.0.201904181610/tools/bin/../lib/gcc/arm-none-eabi/7.3.1/../../../../arm-none-eabi/lib/thumb/v7e-m/fpv4-sp/hard\libc_nano.a(lib_a-sprintf.o)
                0x00000000080078ec                siprintf
                0x00000000080078ec                sprintf
 .text.unlikely.sulp
                0x000000000800792c       0x38 c:/st/stm32cubeide_1.3.0/stm32cubeide/plugins/com.st.stm32cube.ide.mcu.externaltools.gnu-tools-for-stm32.7-2018-q2-update.win32_1.0.0.201904181610/tools/bin/../lib/gcc/arm-none-eabi/7.3.1/../../../../arm-none-eabi/lib/thumb/v7e-m/fpv4-sp/hard\libc_nano.a(lib_a-strtod.o)
 *fill*         0x0000000008007964        0x4 
 .text._strtod_l
                0x0000000008007968      0xbe8 c:/st/stm32cubeide_1.3.0/stm32cubeide/plugins/com.st.stm32cube.ide.mcu.externaltools.gnu-tools-for-stm32.7-2018-q2-update.win32_1.0.0.201904181610/tools/bin/../lib/gcc/arm-none-eabi/7.3.1/../../../../arm-none-eabi/lib/thumb/v7e-m/fpv4-sp/hard\libc_nano.a(lib_a-strtod.o)
                0x0000000008007968                _strtod_l
 .text._strtod_r
                0x0000000008008550       0x20 c:/st/stm32cubeide_1.3.0/stm32cubeide/plugins/com.st.stm32cube.ide.mcu.externaltools.gnu-tools-for-stm32.7-2018-q2-update.win32_1.0.0.201904181610/tools/bin/../lib/gcc/arm-none-eabi/7.3.1/../../../../arm-none-eabi/lib/thumb/v7e-m/fpv4-sp/hard\libc_nano.a(lib_a-strtod.o)
                0x0000000008008550                _strtod_r
 .text.strtod   0x0000000008008570       0x28 c:/st/stm32cubeide_1.3.0/stm32cubeide/plugins/com.st.stm32cube.ide.mcu.externaltools.gnu-tools-for-stm32.7-2018-q2-update.win32_1.0.0.201904181610/tools/bin/../lib/gcc/arm-none-eabi/7.3.1/../../../../arm-none-eabi/lib/thumb/v7e-m/fpv4-sp/hard\libc_nano.a(lib_a-strtod.o)
                0x0000000008008570                strtod
 .text._strtol_l.isra.0
                0x0000000008008598       0xf6 c:/st/stm32cubeide_1.3.0/stm32cubeide/plugins/com.st.stm32cube.ide.mcu.externaltools.gnu-tools-for-stm32.7-2018-q2-update.win32_1.0.0.201904181610/tools/bin/../lib/gcc/arm-none-eabi/7.3.1/../../../../arm-none-eabi/lib/thumb/v7e-m/fpv4-sp/hard\libc_nano.a(lib_a-strtol.o)
 *fill*         0x000000000800868e        0x2 
 .text._strtol_r
                0x0000000008008690       0x24 c:/st/stm32cubeide_1.3.0/stm32cubeide/plugins/com.st.stm32cube.ide.mcu.externaltools.gnu-tools-for-stm32.7-2018-q2-update.win32_1.0.0.201904181610/tools/bin/../lib/gcc/arm-none-eabi/7.3.1/../../../../arm-none-eabi/lib/thumb/v7e-m/fpv4-sp/hard\libc_nano.a(lib_a-strtol.o)
                0x0000000008008690                _strtol_r
 .text.quorem   0x00000000080086b4      0x118 c:/st/stm32cubeide_1.3.0/stm32cubeide/plugins/com.st.stm32cube.ide.mcu.externaltools.gnu-tools-for-stm32.7-2018-q2-update.win32_1.0.0.201904181610/tools/bin/../lib/gcc/arm-none-eabi/7.3.1/../../../../arm-none-eabi/lib/thumb/v7e-m/fpv4-sp/hard\libc_nano.a(lib_a-dtoa.o)
 *fill*         0x00000000080087cc        0x4 
 .text._dtoa_r  0x00000000080087d0      0xb70 c:/st/stm32cubeide_1.3.0/stm32cubeide/plugins/com.st.stm32cube.ide.mcu.externaltools.gnu-tools-for-stm32.7-2018-q2-update.win32_1.0.0.201904181610/tools/bin/../lib/gcc/arm-none-eabi/7.3.1/../../../../arm-none-eabi/lib/thumb/v7e-m/fpv4-sp/hard\libc_nano.a(lib_a-dtoa.o)
                0x00000000080087d0                _dtoa_r
 .text.rshift   0x0000000008009340       0x74 c:/st/stm32cubeide_1.3.0/stm32cubeide/plugins/com.st.stm32cube.ide.mcu.externaltools.gnu-tools-for-stm32.7-2018-q2-update.win32_1.0.0.201904181610/tools/bin/../lib/gcc/arm-none-eabi/7.3.1/../../../../arm-none-eabi/lib/thumb/v7e-m/fpv4-sp/hard\libc_nano.a(lib_a-gdtoa-gethex.o)
 .text.__hexdig_fun
                0x00000000080093b4       0x2a c:/st/stm32cubeide_1.3.0/stm32cubeide/plugins/com.st.stm32cube.ide.mcu.externaltools.gnu-tools-for-stm32.7-2018-q2-update.win32_1.0.0.201904181610/tools/bin/../lib/gcc/arm-none-eabi/7.3.1/../../../../arm-none-eabi/lib/thumb/v7e-m/fpv4-sp/hard\libc_nano.a(lib_a-gdtoa-gethex.o)
                0x00000000080093b4                __hexdig_fun
 .text.__gethex
                0x00000000080093de      0x442 c:/st/stm32cubeide_1.3.0/stm32cubeide/plugins/com.st.stm32cube.ide.mcu.externaltools.gnu-tools-for-stm32.7-2018-q2-update.win32_1.0.0.201904181610/tools/bin/../lib/gcc/arm-none-eabi/7.3.1/../../../../arm-none-eabi/lib/thumb/v7e-m/fpv4-sp/hard\libc_nano.a(lib_a-gdtoa-gethex.o)
                0x00000000080093de                __gethex
 .text.L_shift  0x0000000008009820       0x24 c:/st/stm32cubeide_1.3.0/stm32cubeide/plugins/com.st.stm32cube.ide.mcu.externaltools.gnu-tools-for-stm32.7-2018-q2-update.win32_1.0.0.201904181610/tools/bin/../lib/gcc/arm-none-eabi/7.3.1/../../../../arm-none-eabi/lib/thumb/v7e-m/fpv4-sp/hard\libc_nano.a(lib_a-gdtoa-hexnan.o)
 .text.__match  0x0000000008009844       0x28 c:/st/stm32cubeide_1.3.0/stm32cubeide/plugins/com.st.stm32cube.ide.mcu.externaltools.gnu-tools-for-stm32.7-2018-q2-update.win32_1.0.0.201904181610/tools/bin/../lib/gcc/arm-none-eabi/7.3.1/../../../../arm-none-eabi/lib/thumb/v7e-m/fpv4-sp/hard\libc_nano.a(lib_a-gdtoa-hexnan.o)
                0x0000000008009844                __match
 .text.__hexnan
                0x000000000800986c      0x120 c:/st/stm32cubeide_1.3.0/stm32cubeide/plugins/com.st.stm32cube.ide.mcu.externaltools.gnu-tools-for-stm32.7-2018-q2-update.win32_1.0.0.201904181610/tools/bin/../lib/gcc/arm-none-eabi/7.3.1/../../../../arm-none-eabi/lib/thumb/v7e-m/fpv4-sp/hard\libc_nano.a(lib_a-gdtoa-hexnan.o)
                0x000000000800986c                __hexnan
 .text.__locale_ctype_ptr_l
                0x000000000800998c        0x6 c:/st/stm32cubeide_1.3.0/stm32cubeide/plugins/com.st.stm32cube.ide.mcu.externaltools.gnu-tools-for-stm32.7-2018-q2-update.win32_1.0.0.201904181610/tools/bin/../lib/gcc/arm-none-eabi/7.3.1/../../../../arm-none-eabi/lib/thumb/v7e-m/fpv4-sp/hard\libc_nano.a(lib_a-locale.o)
                0x000000000800998c                __locale_ctype_ptr_l
 .text.__localeconv_l
                0x0000000008009992        0x4 c:/st/stm32cubeide_1.3.0/stm32cubeide/plugins/com.st.stm32cube.ide.mcu.externaltools.gnu-tools-for-stm32.7-2018-q2-update.win32_1.0.0.201904181610/tools/bin/../lib/gcc/arm-none-eabi/7.3.1/../../../../arm-none-eabi/lib/thumb/v7e-m/fpv4-sp/hard\libc_nano.a(lib_a-localeconv.o)
                0x0000000008009992                __localeconv_l
 *fill*         0x0000000008009996        0x2 
 .text._localeconv_r
                0x0000000008009998       0x1c c:/st/stm32cubeide_1.3.0/stm32cubeide/plugins/com.st.stm32cube.ide.mcu.externaltools.gnu-tools-for-stm32.7-2018-q2-update.win32_1.0.0.201904181610/tools/bin/../lib/gcc/arm-none-eabi/7.3.1/../../../../arm-none-eabi/lib/thumb/v7e-m/fpv4-sp/hard\libc_nano.a(lib_a-localeconv.o)
                0x0000000008009998                _localeconv_r
 .text.malloc   0x00000000080099b4       0x10 c:/st/stm32cubeide_1.3.0/stm32cubeide/plugins/com.st.stm32cube.ide.mcu.externaltools.gnu-tools-for-stm32.7-2018-q2-update.win32_1.0.0.201904181610/tools/bin/../lib/gcc/arm-none-eabi/7.3.1/../../../../arm-none-eabi/lib/thumb/v7e-m/fpv4-sp/hard\libc_nano.a(lib_a-malloc.o)
                0x00000000080099b4                malloc
 .text.__ascii_mbtowc
                0x00000000080099c4       0x24 c:/st/stm32cubeide_1.3.0/stm32cubeide/plugins/com.st.stm32cube.ide.mcu.externaltools.gnu-tools-for-stm32.7-2018-q2-update.win32_1.0.0.201904181610/tools/bin/../lib/gcc/arm-none-eabi/7.3.1/../../../../arm-none-eabi/lib/thumb/v7e-m/fpv4-sp/hard\libc_nano.a(lib_a-mbtowc_r.o)
                0x00000000080099c4                __ascii_mbtowc
 .text._Balloc  0x00000000080099e8       0x68 c:/st/stm32cubeide_1.3.0/stm32cubeide/plugins/com.st.stm32cube.ide.mcu.externaltools.gnu-tools-for-stm32.7-2018-q2-update.win32_1.0.0.201904181610/tools/bin/../lib/gcc/arm-none-eabi/7.3.1/../../../../arm-none-eabi/lib/thumb/v7e-m/fpv4-sp/hard\libc_nano.a(lib_a-mprec.o)
                0x00000000080099e8                _Balloc
 .text._Bfree   0x0000000008009a50       0x2e c:/st/stm32cubeide_1.3.0/stm32cubeide/plugins/com.st.stm32cube.ide.mcu.externaltools.gnu-tools-for-stm32.7-2018-q2-update.win32_1.0.0.201904181610/tools/bin/../lib/gcc/arm-none-eabi/7.3.1/../../../../arm-none-eabi/lib/thumb/v7e-m/fpv4-sp/hard\libc_nano.a(lib_a-mprec.o)
                0x0000000008009a50                _Bfree
 .text.__multadd
                0x0000000008009a7e       0x76 c:/st/stm32cubeide_1.3.0/stm32cubeide/plugins/com.st.stm32cube.ide.mcu.externaltools.gnu-tools-for-stm32.7-2018-q2-update.win32_1.0.0.201904181610/tools/bin/../lib/gcc/arm-none-eabi/7.3.1/../../../../arm-none-eabi/lib/thumb/v7e-m/fpv4-sp/hard\libc_nano.a(lib_a-mprec.o)
                0x0000000008009a7e                __multadd
 .text.__s2b    0x0000000008009af4       0x7c c:/st/stm32cubeide_1.3.0/stm32cubeide/plugins/com.st.stm32cube.ide.mcu.externaltools.gnu-tools-for-stm32.7-2018-q2-update.win32_1.0.0.201904181610/tools/bin/../lib/gcc/arm-none-eabi/7.3.1/../../../../arm-none-eabi/lib/thumb/v7e-m/fpv4-sp/hard\libc_nano.a(lib_a-mprec.o)
                0x0000000008009af4                __s2b
 .text.__hi0bits
                0x0000000008009b70       0x3e c:/st/stm32cubeide_1.3.0/stm32cubeide/plugins/com.st.stm32cube.ide.mcu.externaltools.gnu-tools-for-stm32.7-2018-q2-update.win32_1.0.0.201904181610/tools/bin/../lib/gcc/arm-none-eabi/7.3.1/../../../../arm-none-eabi/lib/thumb/v7e-m/fpv4-sp/hard\libc_nano.a(lib_a-mprec.o)
                0x0000000008009b70                __hi0bits
 .text.__lo0bits
                0x0000000008009bae       0x5e c:/st/stm32cubeide_1.3.0/stm32cubeide/plugins/com.st.stm32cube.ide.mcu.externaltools.gnu-tools-for-stm32.7-2018-q2-update.win32_1.0.0.201904181610/tools/bin/../lib/gcc/arm-none-eabi/7.3.1/../../../../arm-none-eabi/lib/thumb/v7e-m/fpv4-sp/hard\libc_nano.a(lib_a-mprec.o)
                0x0000000008009bae                __lo0bits
 .text.__i2b    0x0000000008009c0c       0x12 c:/st/stm32cubeide_1.3.0/stm32cubeide/plugins/com.st.stm32cube.ide.mcu.externaltools.gnu-tools-for-stm32.7-2018-q2-update.win32_1.0.0.201904181610/tools/bin/../lib/gcc/arm-none-eabi/7.3.1/../../../../arm-none-eabi/lib/thumb/v7e-m/fpv4-sp/hard\libc_nano.a(lib_a-mprec.o)
                0x0000000008009c0c                __i2b
 .text.__multiply
                0x0000000008009c1e      0x12c c:/st/stm32cubeide_1.3.0/stm32cubeide/plugins/com.st.stm32cube.ide.mcu.externaltools.gnu-tools-for-stm32.7-2018-q2-update.win32_1.0.0.201904181610/tools/bin/../lib/gcc/arm-none-eabi/7.3.1/../../../../arm-none-eabi/lib/thumb/v7e-m/fpv4-sp/hard\libc_nano.a(lib_a-mprec.o)
                0x0000000008009c1e                __multiply
 *fill*         0x0000000008009d4a        0x2 
 .text.__pow5mult
                0x0000000008009d4c       0x9c c:/st/stm32cubeide_1.3.0/stm32cubeide/plugins/com.st.stm32cube.ide.mcu.externaltools.gnu-tools-for-stm32.7-2018-q2-update.win32_1.0.0.201904181610/tools/bin/../lib/gcc/arm-none-eabi/7.3.1/../../../../arm-none-eabi/lib/thumb/v7e-m/fpv4-sp/hard\libc_nano.a(lib_a-mprec.o)
                0x0000000008009d4c                __pow5mult
 .text.__lshift
                0x0000000008009de8       0xa8 c:/st/stm32cubeide_1.3.0/stm32cubeide/plugins/com.st.stm32cube.ide.mcu.externaltools.gnu-tools-for-stm32.7-2018-q2-update.win32_1.0.0.201904181610/tools/bin/../lib/gcc/arm-none-eabi/7.3.1/../../../../arm-none-eabi/lib/thumb/v7e-m/fpv4-sp/hard\libc_nano.a(lib_a-mprec.o)
                0x0000000008009de8                __lshift
 .text.__mcmp   0x0000000008009e90       0x34 c:/st/stm32cubeide_1.3.0/stm32cubeide/plugins/com.st.stm32cube.ide.mcu.externaltools.gnu-tools-for-stm32.7-2018-q2-update.win32_1.0.0.201904181610/tools/bin/../lib/gcc/arm-none-eabi/7.3.1/../../../../arm-none-eabi/lib/thumb/v7e-m/fpv4-sp/hard\libc_nano.a(lib_a-mprec.o)
                0x0000000008009e90                __mcmp
 .text.__mdiff  0x0000000008009ec4       0xba c:/st/stm32cubeide_1.3.0/stm32cubeide/plugins/com.st.stm32cube.ide.mcu.externaltools.gnu-tools-for-stm32.7-2018-q2-update.win32_1.0.0.201904181610/tools/bin/../lib/gcc/arm-none-eabi/7.3.1/../../../../arm-none-eabi/lib/thumb/v7e-m/fpv4-sp/hard\libc_nano.a(lib_a-mprec.o)
                0x0000000008009ec4                __mdiff
 *fill*         0x0000000008009f7e        0x2 
 .text.__ulp    0x0000000008009f80       0x50 c:/st/stm32cubeide_1.3.0/stm32cubeide/plugins/com.st.stm32cube.ide.mcu.externaltools.gnu-tools-for-stm32.7-2018-q2-update.win32_1.0.0.201904181610/tools/bin/../lib/gcc/arm-none-eabi/7.3.1/../../../../arm-none-eabi/lib/thumb/v7e-m/fpv4-sp/hard\libc_nano.a(lib_a-mprec.o)
                0x0000000008009f80                __ulp
 .text.__b2d    0x0000000008009fd0       0x9c c:/st/stm32cubeide_1.3.0/stm32cubeide/plugins/com.st.stm32cube.ide.mcu.externaltools.gnu-tools-for-stm32.7-2018-q2-update.win32_1.0.0.201904181610/tools/bin/../lib/gcc/arm-none-eabi/7.3.1/../../../../arm-none-eabi/lib/thumb/v7e-m/fpv4-sp/hard\libc_nano.a(lib_a-mprec.o)
                0x0000000008009fd0                __b2d
 .text.__d2b    0x000000000800a06c       0x9e c:/st/stm32cubeide_1.3.0/stm32cubeide/plugins/com.st.stm32cube.ide.mcu.externaltools.gnu-tools-for-stm32.7-2018-q2-update.win32_1.0.0.201904181610/tools/bin/../lib/gcc/arm-none-eabi/7.3.1/../../../../arm-none-eabi/lib/thumb/v7e-m/fpv4-sp/hard\libc_nano.a(lib_a-mprec.o)
                0x000000000800a06c                __d2b
 .text.__ratio  0x000000000800a10a       0x66 c:/st/stm32cubeide_1.3.0/stm32cubeide/plugins/com.st.stm32cube.ide.mcu.externaltools.gnu-tools-for-stm32.7-2018-q2-update.win32_1.0.0.201904181610/tools/bin/../lib/gcc/arm-none-eabi/7.3.1/../../../../arm-none-eabi/lib/thumb/v7e-m/fpv4-sp/hard\libc_nano.a(lib_a-mprec.o)
                0x000000000800a10a                __ratio
 .text.__copybits
                0x000000000800a170       0x34 c:/st/stm32cubeide_1.3.0/stm32cubeide/plugins/com.st.stm32cube.ide.mcu.externaltools.gnu-tools-for-stm32.7-2018-q2-update.win32_1.0.0.201904181610/tools/bin/../lib/gcc/arm-none-eabi/7.3.1/../../../../arm-none-eabi/lib/thumb/v7e-m/fpv4-sp/hard\libc_nano.a(lib_a-mprec.o)
                0x000000000800a170                __copybits
 .text.__any_on
                0x000000000800a1a4       0x42 c:/st/stm32cubeide_1.3.0/stm32cubeide/plugins/com.st.stm32cube.ide.mcu.externaltools.gnu-tools-for-stm32.7-2018-q2-update.win32_1.0.0.201904181610/tools/bin/../lib/gcc/arm-none-eabi/7.3.1/../../../../arm-none-eabi/lib/thumb/v7e-m/fpv4-sp/hard\libc_nano.a(lib_a-mprec.o)
                0x000000000800a1a4                __any_on
 .text._calloc_r
                0x000000000800a1e6       0x1c c:/st/stm32cubeide_1.3.0/stm32cubeide/plugins/com.st.stm32cube.ide.mcu.externaltools.gnu-tools-for-stm32.7-2018-q2-update.win32_1.0.0.201904181610/tools/bin/../lib/gcc/arm-none-eabi/7.3.1/../../../../arm-none-eabi/lib/thumb/v7e-m/fpv4-sp/hard\libc_nano.a(lib_a-nano-callocr.o)
                0x000000000800a1e6                _calloc_r
 *fill*         0x000000000800a202        0x2 
 .text._free_r  0x000000000800a204       0x9c c:/st/stm32cubeide_1.3.0/stm32cubeide/plugins/com.st.stm32cube.ide.mcu.externaltools.gnu-tools-for-stm32.7-2018-q2-update.win32_1.0.0.201904181610/tools/bin/../lib/gcc/arm-none-eabi/7.3.1/../../../../arm-none-eabi/lib/thumb/v7e-m/fpv4-sp/hard\libc_nano.a(lib_a-nano-freer.o)
                0x000000000800a204                _free_r
 .text._malloc_r
                0x000000000800a2a0       0xb4 c:/st/stm32cubeide_1.3.0/stm32cubeide/plugins/com.st.stm32cube.ide.mcu.externaltools.gnu-tools-for-stm32.7-2018-q2-update.win32_1.0.0.201904181610/tools/bin/../lib/gcc/arm-none-eabi/7.3.1/../../../../arm-none-eabi/lib/thumb/v7e-m/fpv4-sp/hard\libc_nano.a(lib_a-nano-mallocr.o)
                0x000000000800a2a0                _malloc_r
 .text.__ssputs_r
                0x000000000800a354       0xb4 c:/st/stm32cubeide_1.3.0/stm32cubeide/plugins/com.st.stm32cube.ide.mcu.externaltools.gnu-tools-for-stm32.7-2018-q2-update.win32_1.0.0.201904181610/tools/bin/../lib/gcc/arm-none-eabi/7.3.1/../../../../arm-none-eabi/lib/thumb/v7e-m/fpv4-sp/hard\libc_nano.a(lib_a-nano-svfprintf.o)
                0x000000000800a354                __ssputs_r
 .text._svfprintf_r
                0x000000000800a408      0x1f0 c:/st/stm32cubeide_1.3.0/stm32cubeide/plugins/com.st.stm32cube.ide.mcu.externaltools.gnu-tools-for-stm32.7-2018-q2-update.win32_1.0.0.201904181610/tools/bin/../lib/gcc/arm-none-eabi/7.3.1/../../../../arm-none-eabi/lib/thumb/v7e-m/fpv4-sp/hard\libc_nano.a(lib_a-nano-svfprintf.o)
                0x000000000800a408                _svfiprintf_r
                0x000000000800a408                _svfprintf_r
 .text._sbrk_r  0x000000000800a5f8       0x20 c:/st/stm32cubeide_1.3.0/stm32cubeide/plugins/com.st.stm32cube.ide.mcu.externaltools.gnu-tools-for-stm32.7-2018-q2-update.win32_1.0.0.201904181610/tools/bin/../lib/gcc/arm-none-eabi/7.3.1/../../../../arm-none-eabi/lib/thumb/v7e-m/fpv4-sp/hard\libc_nano.a(lib_a-sbrkr.o)
                0x000000000800a5f8                _sbrk_r
 .text.strncmp  0x000000000800a618       0x24 c:/st/stm32cubeide_1.3.0/stm32cubeide/plugins/com.st.stm32cube.ide.mcu.externaltools.gnu-tools-for-stm32.7-2018-q2-update.win32_1.0.0.201904181610/tools/bin/../lib/gcc/arm-none-eabi/7.3.1/../../../../arm-none-eabi/lib/thumb/v7e-m/fpv4-sp/hard\libc_nano.a(lib_a-strncmp.o)
                0x000000000800a618                strncmp
 .text.__ascii_wctomb
                0x000000000800a63c       0x1a c:/st/stm32cubeide_1.3.0/stm32cubeide/plugins/com.st.stm32cube.ide.mcu.externaltools.gnu-tools-for-stm32.7-2018-q2-update.win32_1.0.0.201904181610/tools/bin/../lib/gcc/arm-none-eabi/7.3.1/../../../../arm-none-eabi/lib/thumb/v7e-m/fpv4-sp/hard\libc_nano.a(lib_a-wctomb_r.o)
                0x000000000800a63c                __ascii_wctomb
 .text.memmove  0x000000000800a656       0x32 c:/st/stm32cubeide_1.3.0/stm32cubeide/plugins/com.st.stm32cube.ide.mcu.externaltools.gnu-tools-for-stm32.7-2018-q2-update.win32_1.0.0.201904181610/tools/bin/../lib/gcc/arm-none-eabi/7.3.1/../../../../arm-none-eabi/lib/thumb/v7e-m/fpv4-sp/hard\libc_nano.a(lib_a-memmove.o)
                0x000000000800a656                memmove
 .text.__malloc_lock
                0x000000000800a688        0x2 c:/st/stm32cubeide_1.3.0/stm32cubeide/plugins/com.st.stm32cube.ide.mcu.externaltools.gnu-tools-for-stm32.7-2018-q2-update.win32_1.0.0.201904181610/tools/bin/../lib/gcc/arm-none-eabi/7.3.1/../../../../arm-none-eabi/lib/thumb/v7e-m/fpv4-sp/hard\libc_nano.a(lib_a-mlock.o)
                0x000000000800a688                __malloc_lock
 .text.__malloc_unlock
                0x000000000800a68a        0x2 c:/st/stm32cubeide_1.3.0/stm32cubeide/plugins/com.st.stm32cube.ide.mcu.externaltools.gnu-tools-for-stm32.7-2018-q2-update.win32_1.0.0.201904181610/tools/bin/../lib/gcc/arm-none-eabi/7.3.1/../../../../arm-none-eabi/lib/thumb/v7e-m/fpv4-sp/hard\libc_nano.a(lib_a-mlock.o)
                0x000000000800a68a                __malloc_unlock
 .text._realloc_r
                0x000000000800a68c       0x4c c:/st/stm32cubeide_1.3.0/stm32cubeide/plugins/com.st.stm32cube.ide.mcu.externaltools.gnu-tools-for-stm32.7-2018-q2-update.win32_1.0.0.201904181610/tools/bin/../lib/gcc/arm-none-eabi/7.3.1/../../../../arm-none-eabi/lib/thumb/v7e-m/fpv4-sp/hard\libc_nano.a(lib_a-nano-reallocr.o)
                0x000000000800a68c                _realloc_r
 .text._malloc_usable_size_r
                0x000000000800a6d8       0x10 c:/st/stm32cubeide_1.3.0/stm32cubeide/plugins/com.st.stm32cube.ide.mcu.externaltools.gnu-tools-for-stm32.7-2018-q2-update.win32_1.0.0.201904181610/tools/bin/../lib/gcc/arm-none-eabi/7.3.1/../../../../arm-none-eabi/lib/thumb/v7e-m/fpv4-sp/hard\libc_nano.a(lib_a-nano-msizer.o)
                0x000000000800a6d8                _malloc_usable_size_r
 .text.log10    0x000000000800a6e8      0x100 c:/st/stm32cubeide_1.3.0/stm32cubeide/plugins/com.st.stm32cube.ide.mcu.externaltools.gnu-tools-for-stm32.7-2018-q2-update.win32_1.0.0.201904181610/tools/bin/../lib/gcc/arm-none-eabi/7.3.1/../../../../arm-none-eabi/lib/thumb/v7e-m/fpv4-sp/hard\libm.a(lib_a-w_log10.o)
                0x000000000800a6e8                log10
 .text.sqrt     0x000000000800a7e8       0xb4 c:/st/stm32cubeide_1.3.0/stm32cubeide/plugins/com.st.stm32cube.ide.mcu.externaltools.gnu-tools-for-stm32.7-2018-q2-update.win32_1.0.0.201904181610/tools/bin/../lib/gcc/arm-none-eabi/7.3.1/../../../../arm-none-eabi/lib/thumb/v7e-m/fpv4-sp/hard\libm.a(lib_a-w_sqrt.o)
                0x000000000800a7e8                sqrt
 *fill*         0x000000000800a89c        0x4 
 .text.__ieee754_log10
                0x000000000800a8a0      0x114 c:/st/stm32cubeide_1.3.0/stm32cubeide/plugins/com.st.stm32cube.ide.mcu.externaltools.gnu-tools-for-stm32.7-2018-q2-update.win32_1.0.0.201904181610/tools/bin/../lib/gcc/arm-none-eabi/7.3.1/../../../../arm-none-eabi/lib/thumb/v7e-m/fpv4-sp/hard\libm.a(lib_a-e_log10.o)
                0x000000000800a8a0                __ieee754_log10
 .text.__ieee754_sqrt
                0x000000000800a9b4      0x160 c:/st/stm32cubeide_1.3.0/stm32cubeide/plugins/com.st.stm32cube.ide.mcu.externaltools.gnu-tools-for-stm32.7-2018-q2-update.win32_1.0.0.201904181610/tools/bin/../lib/gcc/arm-none-eabi/7.3.1/../../../../arm-none-eabi/lib/thumb/v7e-m/fpv4-sp/hard\libm.a(lib_a-e_sqrt.o)
                0x000000000800a9b4                __ieee754_sqrt
 .text.matherr  0x000000000800ab14        0x4 c:/st/stm32cubeide_1.3.0/stm32cubeide/plugins/com.st.stm32cube.ide.mcu.externaltools.gnu-tools-for-stm32.7-2018-q2-update.win32_1.0.0.201904181610/tools/bin/../lib/gcc/arm-none-eabi/7.3.1/../../../../arm-none-eabi/lib/thumb/v7e-m/fpv4-sp/hard\libm.a(lib_a-s_matherr.o)
                0x000000000800ab14                matherr
 .text.nan      0x000000000800ab18       0x10 c:/st/stm32cubeide_1.3.0/stm32cubeide/plugins/com.st.stm32cube.ide.mcu.externaltools.gnu-tools-for-stm32.7-2018-q2-update.win32_1.0.0.201904181610/tools/bin/../lib/gcc/arm-none-eabi/7.3.1/../../../../arm-none-eabi/lib/thumb/v7e-m/fpv4-sp/hard\libm.a(lib_a-s_nan.o)
                0x000000000800ab18                nan
 .text.__ieee754_log
                0x000000000800ab28      0x364 c:/st/stm32cubeide_1.3.0/stm32cubeide/plugins/com.st.stm32cube.ide.mcu.externaltools.gnu-tools-for-stm32.7-2018-q2-update.win32_1.0.0.201904181610/tools/bin/../lib/gcc/arm-none-eabi/7.3.1/../../../../arm-none-eabi/lib/thumb/v7e-m/fpv4-sp/hard\libm.a(lib_a-e_log.o)
                0x000000000800ab28                __ieee754_log
 *(.glue_7)
 .glue_7        0x000000000800ae8c        0x0 linker stubs
 *(.glue_7t)
 .glue_7t       0x000000000800ae8c        0x0 linker stubs
 *(.eh_frame)
 .eh_frame      0x000000000800ae8c        0x0 c:/st/stm32cubeide_1.3.0/stm32cubeide/plugins/com.st.stm32cube.ide.mcu.externaltools.gnu-tools-for-stm32.7-2018-q2-update.win32_1.0.0.201904181610/tools/bin/../lib/gcc/arm-none-eabi/7.3.1/thumb/v7e-m/fpv4-sp/hard/crtbegin.o
 *(.init)
 .init          0x000000000800ae8c        0x4 c:/st/stm32cubeide_1.3.0/stm32cubeide/plugins/com.st.stm32cube.ide.mcu.externaltools.gnu-tools-for-stm32.7-2018-q2-update.win32_1.0.0.201904181610/tools/bin/../lib/gcc/arm-none-eabi/7.3.1/thumb/v7e-m/fpv4-sp/hard/crti.o
                0x000000000800ae8c                _init
 .init          0x000000000800ae90        0x8 c:/st/stm32cubeide_1.3.0/stm32cubeide/plugins/com.st.stm32cube.ide.mcu.externaltools.gnu-tools-for-stm32.7-2018-q2-update.win32_1.0.0.201904181610/tools/bin/../lib/gcc/arm-none-eabi/7.3.1/thumb/v7e-m/fpv4-sp/hard/crtn.o
 *(.fini)
 .fini          0x000000000800ae98        0x4 c:/st/stm32cubeide_1.3.0/stm32cubeide/plugins/com.st.stm32cube.ide.mcu.externaltools.gnu-tools-for-stm32.7-2018-q2-update.win32_1.0.0.201904181610/tools/bin/../lib/gcc/arm-none-eabi/7.3.1/thumb/v7e-m/fpv4-sp/hard/crti.o
                0x000000000800ae98                _fini
 .fini          0x000000000800ae9c        0x8 c:/st/stm32cubeide_1.3.0/stm32cubeide/plugins/com.st.stm32cube.ide.mcu.externaltools.gnu-tools-for-stm32.7-2018-q2-update.win32_1.0.0.201904181610/tools/bin/../lib/gcc/arm-none-eabi/7.3.1/thumb/v7e-m/fpv4-sp/hard/crtn.o
                0x000000000800aea4                . = ALIGN (0x4)
                0x000000000800aea4                _etext = .

.vfp11_veneer   0x000000000800aea4        0x0
 .vfp11_veneer  0x000000000800aea4        0x0 linker stubs

.v4_bx          0x000000000800aea4        0x0
 .v4_bx         0x000000000800aea4        0x0 linker stubs

.iplt           0x000000000800aea4        0x0
 .iplt          0x000000000800aea4        0x0 c:/st/stm32cubeide_1.3.0/stm32cubeide/plugins/com.st.stm32cube.ide.mcu.externaltools.gnu-tools-for-stm32.7-2018-q2-update.win32_1.0.0.201904181610/tools/bin/../lib/gcc/arm-none-eabi/7.3.1/thumb/v7e-m/fpv4-sp/hard/crtbegin.o

.rodata         0x000000000800aea8      0x52c
                0x000000000800aea8                . = ALIGN (0x4)
 *(.rodata)
 .rodata        0x000000000800aea8       0x54 Core/Src/FreeRTOS/freertos.o
 *(.rodata*)
 .rodata.DecisionUnitFunc.str1.4
                0x000000000800aefc       0xc8 Core/Src/FreeRTOS/DecisionUnitTask.o
 .rodata.PCAFunc.str1.4
                0x000000000800afc4       0x47 Core/Src/FreeRTOS/PCATask.o
                                         0x79 (size before relaxing)
 *fill*         0x000000000800b00b        0x1 
 .rodata.VibrationFunc.str1.4
                0x000000000800b00c       0x6b Core/Src/FreeRTOS/VibrationTask.o
                                         0x9f (size before relaxing)
 *fill*         0x000000000800b077        0x1 
 .rodata.str1.4
                0x000000000800b078       0x2a Core/Src/FreeRTOS/freertos.o
 *fill*         0x000000000800b0a2        0x2 
 .rodata.AHBPrescTable
                0x000000000800b0a4       0x10 Core/Src/cpu/sys_management/system_stm32l4xx.o
                0x000000000800b0a4                AHBPrescTable
 .rodata.APBPrescTable
                0x000000000800b0b4        0x8 Core/Src/cpu/sys_management/system_stm32l4xx.o
                0x000000000800b0b4                APBPrescTable
 .rodata.MSIRangeTable
                0x000000000800b0bc       0x30 Core/Src/cpu/sys_management/system_stm32l4xx.o
                0x000000000800b0bc                MSIRangeTable
 .rodata.CSWTCH.52
                0x000000000800b0ec        0x4 Drivers/STM32L4xx_HAL_Driver/Src/stm32l4xx_hal_uart.o
 .rodata.CSWTCH.53
                0x000000000800b0f0        0xd Drivers/STM32L4xx_HAL_Driver/Src/stm32l4xx_hal_uart.o
 *fill*         0x000000000800b0fd        0x3 
 .rodata.vTaskStartScheduler.str1.4
                0x000000000800b100        0x5 Middlewares/Third_Party/FreeRTOS/Source/tasks.o
 *fill*         0x000000000800b105        0x3 
 .rodata.xTimerCreateTimerTask.str1.4
                0x000000000800b108       0x10 Middlewares/Third_Party/FreeRTOS/Source/timers.o
 .rodata._printf_float.str1.1
                0x000000000800b118       0x10 c:/st/stm32cubeide_1.3.0/stm32cubeide/plugins/com.st.stm32cube.ide.mcu.externaltools.gnu-tools-for-stm32.7-2018-q2-update.win32_1.0.0.201904181610/tools/bin/../lib/gcc/arm-none-eabi/7.3.1/../../../../arm-none-eabi/lib/thumb/v7e-m/fpv4-sp/hard\libc_nano.a(lib_a-nano-vfprintf_float.o)
                                         0x12 (size before relaxing)
 .rodata._printf_i.str1.1
                0x000000000800b128       0x22 c:/st/stm32cubeide_1.3.0/stm32cubeide/plugins/com.st.stm32cube.ide.mcu.externaltools.gnu-tools-for-stm32.7-2018-q2-update.win32_1.0.0.201904181610/tools/bin/../lib/gcc/arm-none-eabi/7.3.1/../../../../arm-none-eabi/lib/thumb/v7e-m/fpv4-sp/hard\libc_nano.a(lib_a-nano-vfprintf_i.o)
 .rodata._scanf_float.str1.1
                0x000000000800b14a        0x5 c:/st/stm32cubeide_1.3.0/stm32cubeide/plugins/com.st.stm32cube.ide.mcu.externaltools.gnu-tools-for-stm32.7-2018-q2-update.win32_1.0.0.201904181610/tools/bin/../lib/gcc/arm-none-eabi/7.3.1/../../../../arm-none-eabi/lib/thumb/v7e-m/fpv4-sp/hard\libc_nano.a(lib_a-nano-vfscanf_float.o)
 .rodata._strtod_l.str1.1
                0x000000000800b14f        0x5 c:/st/stm32cubeide_1.3.0/stm32cubeide/plugins/com.st.stm32cube.ide.mcu.externaltools.gnu-tools-for-stm32.7-2018-q2-update.win32_1.0.0.201904181610/tools/bin/../lib/gcc/arm-none-eabi/7.3.1/../../../../arm-none-eabi/lib/thumb/v7e-m/fpv4-sp/hard\libc_nano.a(lib_a-strtod.o)
                                          0xc (size before relaxing)
 *fill*         0x000000000800b14f        0x1 
 .rodata.fpi.7435
                0x000000000800b150       0x14 c:/st/stm32cubeide_1.3.0/stm32cubeide/plugins/com.st.stm32cube.ide.mcu.externaltools.gnu-tools-for-stm32.7-2018-q2-update.win32_1.0.0.201904181610/tools/bin/../lib/gcc/arm-none-eabi/7.3.1/../../../../arm-none-eabi/lib/thumb/v7e-m/fpv4-sp/hard\libc_nano.a(lib_a-strtod.o)
 .rodata.fpinan.7471
                0x000000000800b164       0x14 c:/st/stm32cubeide_1.3.0/stm32cubeide/plugins/com.st.stm32cube.ide.mcu.externaltools.gnu-tools-for-stm32.7-2018-q2-update.win32_1.0.0.201904181610/tools/bin/../lib/gcc/arm-none-eabi/7.3.1/../../../../arm-none-eabi/lib/thumb/v7e-m/fpv4-sp/hard\libc_nano.a(lib_a-strtod.o)
 .rodata.tinytens
                0x000000000800b178       0x28 c:/st/stm32cubeide_1.3.0/stm32cubeide/plugins/com.st.stm32cube.ide.mcu.externaltools.gnu-tools-for-stm32.7-2018-q2-update.win32_1.0.0.201904181610/tools/bin/../lib/gcc/arm-none-eabi/7.3.1/../../../../arm-none-eabi/lib/thumb/v7e-m/fpv4-sp/hard\libc_nano.a(lib_a-strtod.o)
 .rodata._dtoa_r.str1.1
                0x000000000800b1a0        0xd c:/st/stm32cubeide_1.3.0/stm32cubeide/plugins/com.st.stm32cube.ide.mcu.externaltools.gnu-tools-for-stm32.7-2018-q2-update.win32_1.0.0.201904181610/tools/bin/../lib/gcc/arm-none-eabi/7.3.1/../../../../arm-none-eabi/lib/thumb/v7e-m/fpv4-sp/hard\libc_nano.a(lib_a-dtoa.o)
                                          0xf (size before relaxing)
 .rodata._setlocale_r.str1.1
                0x000000000800b1ad        0x8 c:/st/stm32cubeide_1.3.0/stm32cubeide/plugins/com.st.stm32cube.ide.mcu.externaltools.gnu-tools-for-stm32.7-2018-q2-update.win32_1.0.0.201904181610/tools/bin/../lib/gcc/arm-none-eabi/7.3.1/../../../../arm-none-eabi/lib/thumb/v7e-m/fpv4-sp/hard\libc_nano.a(lib_a-locale.o)
                                          0x9 (size before relaxing)
 .rodata.str1.1
                0x000000000800b1b5        0x2 c:/st/stm32cubeide_1.3.0/stm32cubeide/plugins/com.st.stm32cube.ide.mcu.externaltools.gnu-tools-for-stm32.7-2018-q2-update.win32_1.0.0.201904181610/tools/bin/../lib/gcc/arm-none-eabi/7.3.1/../../../../arm-none-eabi/lib/thumb/v7e-m/fpv4-sp/hard\libc_nano.a(lib_a-locale.o)
 *fill*         0x000000000800b1b7        0x1 
 .rodata.__mprec_bigtens
                0x000000000800b1b8       0x28 c:/st/stm32cubeide_1.3.0/stm32cubeide/plugins/com.st.stm32cube.ide.mcu.externaltools.gnu-tools-for-stm32.7-2018-q2-update.win32_1.0.0.201904181610/tools/bin/../lib/gcc/arm-none-eabi/7.3.1/../../../../arm-none-eabi/lib/thumb/v7e-m/fpv4-sp/hard\libc_nano.a(lib_a-mprec.o)
                0x000000000800b1b8                __mprec_bigtens
 .rodata.__mprec_tens
                0x000000000800b1e0       0xc8 c:/st/stm32cubeide_1.3.0/stm32cubeide/plugins/com.st.stm32cube.ide.mcu.externaltools.gnu-tools-for-stm32.7-2018-q2-update.win32_1.0.0.201904181610/tools/bin/../lib/gcc/arm-none-eabi/7.3.1/../../../../arm-none-eabi/lib/thumb/v7e-m/fpv4-sp/hard\libc_nano.a(lib_a-mprec.o)
                0x000000000800b1e0                __mprec_tens
 .rodata.p05.7359
                0x000000000800b2a8        0xc c:/st/stm32cubeide_1.3.0/stm32cubeide/plugins/com.st.stm32cube.ide.mcu.externaltools.gnu-tools-for-stm32.7-2018-q2-update.win32_1.0.0.201904181610/tools/bin/../lib/gcc/arm-none-eabi/7.3.1/../../../../arm-none-eabi/lib/thumb/v7e-m/fpv4-sp/hard\libc_nano.a(lib_a-mprec.o)
 .rodata._svfprintf_r.str1.1
                0x000000000800b2b4       0x11 c:/st/stm32cubeide_1.3.0/stm32cubeide/plugins/com.st.stm32cube.ide.mcu.externaltools.gnu-tools-for-stm32.7-2018-q2-update.win32_1.0.0.201904181610/tools/bin/../lib/gcc/arm-none-eabi/7.3.1/../../../../arm-none-eabi/lib/thumb/v7e-m/fpv4-sp/hard\libc_nano.a(lib_a-nano-svfprintf.o)
 .rodata._ctype_
                0x000000000800b2c5      0x101 c:/st/stm32cubeide_1.3.0/stm32cubeide/plugins/com.st.stm32cube.ide.mcu.externaltools.gnu-tools-for-stm32.7-2018-q2-update.win32_1.0.0.201904181610/tools/bin/../lib/gcc/arm-none-eabi/7.3.1/../../../../arm-none-eabi/lib/thumb/v7e-m/fpv4-sp/hard\libc_nano.a(lib_a-ctype_.o)
                0x000000000800b2c5                _ctype_
 .rodata.log10.str1.1
                0x000000000800b3c6        0x6 c:/st/stm32cubeide_1.3.0/stm32cubeide/plugins/com.st.stm32cube.ide.mcu.externaltools.gnu-tools-for-stm32.7-2018-q2-update.win32_1.0.0.201904181610/tools/bin/../lib/gcc/arm-none-eabi/7.3.1/../../../../arm-none-eabi/lib/thumb/v7e-m/fpv4-sp/hard\libm.a(lib_a-w_log10.o)
                                          0x7 (size before relaxing)
 .rodata.sqrt.str1.1
                0x000000000800b3cc        0x5 c:/st/stm32cubeide_1.3.0/stm32cubeide/plugins/com.st.stm32cube.ide.mcu.externaltools.gnu-tools-for-stm32.7-2018-q2-update.win32_1.0.0.201904181610/tools/bin/../lib/gcc/arm-none-eabi/7.3.1/../../../../arm-none-eabi/lib/thumb/v7e-m/fpv4-sp/hard\libm.a(lib_a-w_sqrt.o)
                0x000000000800b3d4                . = ALIGN (0x4)
 *fill*         0x000000000800b3d1        0x3 

.ARM.extab      0x000000000800b3d4        0x0
                0x000000000800b3d4                . = ALIGN (0x4)
 *(.ARM.extab* .gnu.linkonce.armextab.*)
                0x000000000800b3d4                . = ALIGN (0x4)

.ARM            0x000000000800b3d4        0x8
                0x000000000800b3d4                . = ALIGN (0x4)
                0x000000000800b3d4                __exidx_start = .
 *(.ARM.exidx*)
 .ARM.exidx     0x000000000800b3d4        0x8 c:/st/stm32cubeide_1.3.0/stm32cubeide/plugins/com.st.stm32cube.ide.mcu.externaltools.gnu-tools-for-stm32.7-2018-q2-update.win32_1.0.0.201904181610/tools/bin/../lib/gcc/arm-none-eabi/7.3.1/thumb/v7e-m/fpv4-sp/hard\libgcc.a(_udivmoddi4.o)
                0x000000000800b3dc                __exidx_end = .
                0x000000000800b3dc                . = ALIGN (0x4)

.rel.dyn        0x000000000800b3dc        0x0
 .rel.iplt      0x000000000800b3dc        0x0 c:/st/stm32cubeide_1.3.0/stm32cubeide/plugins/com.st.stm32cube.ide.mcu.externaltools.gnu-tools-for-stm32.7-2018-q2-update.win32_1.0.0.201904181610/tools/bin/../lib/gcc/arm-none-eabi/7.3.1/thumb/v7e-m/fpv4-sp/hard/crtbegin.o

.preinit_array  0x000000000800b3dc        0x0
                0x000000000800b3dc                . = ALIGN (0x4)
                0x000000000800b3dc                PROVIDE (__preinit_array_start = .)
 *(.preinit_array*)
                0x000000000800b3dc                PROVIDE (__preinit_array_end = .)
                0x000000000800b3dc                . = ALIGN (0x4)

.init_array     0x000000000800b3dc        0x4
                0x000000000800b3dc                . = ALIGN (0x4)
                0x000000000800b3dc                PROVIDE (__init_array_start = .)
 *(SORT_BY_NAME(.init_array.*))
 *(.init_array*)
 .init_array    0x000000000800b3dc        0x4 c:/st/stm32cubeide_1.3.0/stm32cubeide/plugins/com.st.stm32cube.ide.mcu.externaltools.gnu-tools-for-stm32.7-2018-q2-update.win32_1.0.0.201904181610/tools/bin/../lib/gcc/arm-none-eabi/7.3.1/thumb/v7e-m/fpv4-sp/hard/crtbegin.o
                0x000000000800b3e0                PROVIDE (__init_array_end = .)
                0x000000000800b3e0                . = ALIGN (0x4)

.fini_array     0x000000000800b3e0        0x4
                0x000000000800b3e0                . = ALIGN (0x4)
                [!provide]                        PROVIDE (__fini_array_start = .)
 *(SORT_BY_NAME(.fini_array.*))
 *(.fini_array*)
 .fini_array    0x000000000800b3e0        0x4 c:/st/stm32cubeide_1.3.0/stm32cubeide/plugins/com.st.stm32cube.ide.mcu.externaltools.gnu-tools-for-stm32.7-2018-q2-update.win32_1.0.0.201904181610/tools/bin/../lib/gcc/arm-none-eabi/7.3.1/thumb/v7e-m/fpv4-sp/hard/crtbegin.o
                [!provide]                        PROVIDE (__fini_array_end = .)
                0x000000000800b3e4                . = ALIGN (0x4)
                0x000000000800b3e4                _sidata = LOADADDR (.data)

.data           0x0000000020000000     0x1184 load address 0x000000000800b3e4
                0x0000000020000000                . = ALIGN (0x4)
                0x0000000020000000                _sdata = .
 *(.data)
 *(.data*)
 .data.Vinit    0x0000000020000000      0xfa0 Core/Src/FreeRTOS/PCATask.o
                0x0000000020000000                Vinit
 .data.SystemCoreClock
                0x0000000020000fa0        0x4 Core/Src/cpu/sys_management/system_stm32l4xx.o
                0x0000000020000fa0                SystemCoreClock
 .data.uwTickFreq
                0x0000000020000fa4        0x4 Drivers/STM32L4xx_HAL_Driver/Src/stm32l4xx_hal.o
                0x0000000020000fa4                uwTickFreq
 .data.uwTickPrio
                0x0000000020000fa8        0x4 Drivers/STM32L4xx_HAL_Driver/Src/stm32l4xx_hal.o
                0x0000000020000fa8                uwTickPrio
 .data.uxCriticalNesting
                0x0000000020000fac        0x4 Middlewares/Third_Party/FreeRTOS/Source/portable/GCC/ARM_CM4F/port.o
 .data._impure_ptr
                0x0000000020000fb0        0x4 c:/st/stm32cubeide_1.3.0/stm32cubeide/plugins/com.st.stm32cube.ide.mcu.externaltools.gnu-tools-for-stm32.7-2018-q2-update.win32_1.0.0.201904181610/tools/bin/../lib/gcc/arm-none-eabi/7.3.1/../../../../arm-none-eabi/lib/thumb/v7e-m/fpv4-sp/hard\libc_nano.a(lib_a-impure.o)
                0x0000000020000fb0                _impure_ptr
 .data.impure_data
                0x0000000020000fb4       0x60 c:/st/stm32cubeide_1.3.0/stm32cubeide/plugins/com.st.stm32cube.ide.mcu.externaltools.gnu-tools-for-stm32.7-2018-q2-update.win32_1.0.0.201904181610/tools/bin/../lib/gcc/arm-none-eabi/7.3.1/../../../../arm-none-eabi/lib/thumb/v7e-m/fpv4-sp/hard\libc_nano.a(lib_a-impure.o)
 .data.__global_locale
                0x0000000020001014      0x16c c:/st/stm32cubeide_1.3.0/stm32cubeide/plugins/com.st.stm32cube.ide.mcu.externaltools.gnu-tools-for-stm32.7-2018-q2-update.win32_1.0.0.201904181610/tools/bin/../lib/gcc/arm-none-eabi/7.3.1/../../../../arm-none-eabi/lib/thumb/v7e-m/fpv4-sp/hard\libc_nano.a(lib_a-locale.o)
                0x0000000020001014                __global_locale
 .data.__fdlib_version
                0x0000000020001180        0x1 c:/st/stm32cubeide_1.3.0/stm32cubeide/plugins/com.st.stm32cube.ide.mcu.externaltools.gnu-tools-for-stm32.7-2018-q2-update.win32_1.0.0.201904181610/tools/bin/../lib/gcc/arm-none-eabi/7.3.1/../../../../arm-none-eabi/lib/thumb/v7e-m/fpv4-sp/hard\libm.a(lib_a-s_lib_ver.o)
                0x0000000020001180                __fdlib_version
                0x0000000020001184                . = ALIGN (0x4)
 *fill*         0x0000000020001181        0x3 
                0x0000000020001184                _edata = .

.igot.plt       0x0000000020001184        0x0 load address 0x000000000800c568
 .igot.plt      0x0000000020001184        0x0 c:/st/stm32cubeide_1.3.0/stm32cubeide/plugins/com.st.stm32cube.ide.mcu.externaltools.gnu-tools-for-stm32.7-2018-q2-update.win32_1.0.0.201904181610/tools/bin/../lib/gcc/arm-none-eabi/7.3.1/thumb/v7e-m/fpv4-sp/hard/crtbegin.o
                0x0000000020001184                . = ALIGN (0x4)

.bss            0x0000000020001184     0xf794 load address 0x000000000800c568
                0x0000000020001184                _sbss = .
                0x0000000020001184                __bss_start__ = _sbss
 *(.bss)
 .bss           0x0000000020001184       0x1c c:/st/stm32cubeide_1.3.0/stm32cubeide/plugins/com.st.stm32cube.ide.mcu.externaltools.gnu-tools-for-stm32.7-2018-q2-update.win32_1.0.0.201904181610/tools/bin/../lib/gcc/arm-none-eabi/7.3.1/thumb/v7e-m/fpv4-sp/hard/crtbegin.o
 *(.bss*)
 .bss.DecisionUnitEventGroupBuffer
                0x00000000200011a0       0x1c Core/Src/FreeRTOS/DecisionUnitTask.o
 .bss.dim_cnt   0x00000000200011bc        0x4 Core/Src/FreeRTOS/DecisionUnitTask.o
                0x00000000200011bc                dim_cnt
 .bss.quarter_mse_cnt
                0x00000000200011c0        0x4 Core/Src/FreeRTOS/DecisionUnitTask.o
                0x00000000200011c0                quarter_mse_cnt
 .bss.valid_quarters
                0x00000000200011c4        0x4 Core/Src/FreeRTOS/DecisionUnitTask.o
                0x00000000200011c4                valid_quarters
 .bss.valid_window_c
                0x00000000200011c8        0x4 Core/Src/FreeRTOS/DecisionUnitTask.o
                0x00000000200011c8                valid_window_c
 .bss.A         0x00000000200011cc     0x9c40 Core/Src/FreeRTOS/PCATask.o
                0x00000000200011cc                A
 .bss.PCAEventGroupBuffer
                0x000000002000ae0c       0x1c Core/Src/FreeRTOS/PCATask.o
 .bss.X_compress
                0x000000002000ae28       0x28 Core/Src/FreeRTOS/PCATask.o
                0x000000002000ae28                X_compress
 .bss.Xr        0x000000002000ae50      0x190 Core/Src/FreeRTOS/PCATask.o
                0x000000002000ae50                Xr
 .bss.arsnr_db  0x000000002000afe0        0x4 Core/Src/FreeRTOS/PCATask.o
                0x000000002000afe0                arsnr_db
 .bss.d         0x000000002000afe4       0x28 Core/Src/FreeRTOS/PCATask.o
                0x000000002000afe4                d
 .bss.itt       0x000000002000b00c        0x4 Core/Src/FreeRTOS/PCATask.o
                0x000000002000b00c                itt
 .bss.metrices  0x000000002000b010        0x8 Core/Src/FreeRTOS/PCATask.o
                0x000000002000b010                metrices
 .bss.mse_res   0x000000002000b018        0x4 Core/Src/FreeRTOS/PCATask.o
                0x000000002000b018                mse_res
 .bss.VibrationEventGroupBuffer
                0x000000002000b01c       0x1c Core/Src/FreeRTOS/VibrationTask.o
 .bss.X1_train  0x000000002000b038      0x190 Core/Src/FreeRTOS/VibrationTask.o
                0x000000002000b038                X1_train
 .bss.X1_valid  0x000000002000b1c8      0x190 Core/Src/FreeRTOS/VibrationTask.o
                0x000000002000b1c8                X1_valid
 .bss.X2        0x000000002000b358      0x190 Core/Src/FreeRTOS/VibrationTask.o
                0x000000002000b358                X2
 .bss.i         0x000000002000b4e8        0x4 Core/Src/FreeRTOS/VibrationTask.o
                0x000000002000b4e8                i
 .bss.xIdleStack
                0x000000002000b4ec      0x200 Core/Src/FreeRTOS/freertos.o
 .bss.xIdleTaskTCBBuffer
                0x000000002000b6ec       0x54 Core/Src/FreeRTOS/freertos.o
 .bss.xTimerStack
                0x000000002000b740      0x400 Core/Src/FreeRTOS/freertos.o
 .bss.xTimerTaskTCBBuffer